🎙️ Transcription: using Bailian Realtime ASR
🎯 Clicky: Starting...
🎯 Clicky: Version 1.0
🔑 Permissions — accessibility: true, screen: true, mic: true, screenContent: false
🔑 Clicky start — accessibility: true, screen: true, mic: true, screenContent: true, onboarded: true
💬 Clicky: restored 10 exchanges from session 「你看一下当前页面在搞什么事情。」
⏱️ [hitch] main thread busy for 45ms
⏱️ [hitch] main thread busy for 51ms
⏱️ [hitch] main thread busy for 58ms
⏱️ [hitch] main thread busy for 381ms
⏱️ [hitch] main thread busy for 80ms
🔊 [aecprobe] t=1790232574.743 event=vpToggleBefore device="MacBook Pro麦克风" node=48000Hz/1ch vpEnabled=false agc=false
🔊 [aecprobe] t=1790232576.254 event=vpToggleAfter device="MacBook Pro麦克风" node=48000Hz/3ch vpEnabled=true agc=false
🔊 VoicePlaybackEngine: engine started (time-pitch node → mixer, echo cancellation requested, **实测 voiceProcessing=true AGC=false**, mixer 48000 Hz / input 48000 Hz 3 ch)
🔊 [aecprobe] t=1790232576.555 event=bringUp isRunning=true device="MacBook Pro麦克风" node=48000Hz/3ch vpEnabled=true agc=false
🔥 语音聊天：音频引擎已预热
🎙️ BuddyDictationManager: continuous listening requested
⏱️ [hitch] main thread busy for 63ms
📷 [camera] 授权 14ms
📷 [camera] 选中设备「FaceTime高清相机」 type=AVCaptureDeviceTypeBuiltInWideAngleCamera
🎙️ VoicePlaybackEngine: the listening tap will go on the playback engine (one engine for capture and playback — the reference's rule, 坑 1)
⏱️ [hitch] main thread busy for 385ms
🖥️ 语音聊天：屏幕预览流已开启（640×413 @ 2fps）
🎙️ BuddyDictationManager: listening tap installed on the shared TTS engine
🎙️ BuddyDictationManager: continuous listening started
📷 [camera] startRunning 942ms（总 1323ms）
📷 语音聊天：摄像头已开启（FaceTime高清相机，比例 1.78）
💬 [voicechat] 采集就绪 总耗时 1365ms（屏幕=1 摄像头=1）
💬 语音聊天：会话已开始（角色「默认角色」，模式 三段式）
