🎙️ Transcription: using Bailian Realtime ASR
🎯 Clicky: Starting...
🎯 Clicky: Version 1.0
🔑 Permissions — accessibility: true, screen: true, mic: true, screenContent: false
🔑 Clicky start — accessibility: true, screen: true, mic: true, screenContent: true, onboarded: true
💬 Clicky: restored 10 exchanges from session 「200 个字说一下关于北京的新闻」
🔊 [sfx] t=1790330071.874 reveal-boot
⏱️ [hitch] main thread busy for 45ms
⏱️ [expand] 直接显示（不做展开动画）；展开方式=notchBloom（当前不生效）
⏱️ [expand] 展开开始 t=1790330073.916
⏱️ [expand] 内容就位 +126ms（此前屏幕上只有那块白板）
🔬 [card] 冷启动完整排版：302 字 → 298 unit / 10 行，耗时 6.1ms
🔬 [card] 冷启动完整排版：35 字 → 30 unit / 1 行，耗时 0.6ms
🔬 [card] 冷启动完整排版：161 字 → 133 unit / 5 行，耗时 2.5ms
🔬 [card] 冷启动完整排版：42 字 → 35 unit / 2 行，耗时 0.7ms
🔬 [card] 冷启动完整排版：24 字 → 24 unit / 1 行，耗时 0.5ms
🔬 [card] 冷启动完整排版：15 字 → 15 unit / 1 行，耗时 0.3ms
🔬 [card] 冷启动完整排版：23 字 → 23 unit / 1 行，耗时 0.5ms
🔬 [card] 冷启动完整排版：74 字 → 74 unit / 3 行，耗时 1.5ms
🔬 [card] 冷启动完整排版：25 字 → 25 unit / 1 行，耗时 0.5ms
🔬 [card] 冷启动完整排版：18 字 → 18 unit / 1 行，耗时 0.4ms
🔊 [sfx] t=1790330074.190 ui-navigation-push
⏱️ [hitch] main thread busy for 308ms
🔊 [sfx] t=1790330075.816 ui-focus-change
🔬 [card] 冷启动完整排版：1 字 → 1 unit / 1 行，耗时 0.1ms
⏱️ [hitch] main thread busy for 80ms
⏱️ [hitch] main thread busy for 70ms
⏱️ [hitch] main thread busy for 53ms
2026-09-25 17:54:43.016 Clicky[35582:14137208] TSM AdjustCapsLockLEDForKeyTransitionHandling - _ISSetPhysicalKeyboardCapsLockLED Inhibit
⏱️ [hitch] main thread busy for 41ms
⏱️ [hitch] main thread busy for 51ms
⏱️ [expand] 直接显示（不做展开动画）；展开方式=notchBloom（当前不生效）
⏱️ [expand] 展开开始 t=1790330103.266
⏱️ [expand] 内容就位 +30ms（此前屏幕上只有那块白板）
🔬 [card] 冷启动完整排版：1 字 → 1 unit / 1 行，耗时 0.2ms
🔊 [sfx] t=1790330103.348 ui-navigation-push
⏱️ [hitch] main thread busy for 127ms
⏱️ [hitch] main thread busy for 43ms
⏱️ [hitch] main thread busy for 44ms
⏱️ [hitch] main thread busy for 41ms
⏱️ [hitch] main thread busy for 48ms
⏱️ [hitch] main thread busy for 40ms
⏱️ [hitch] main thread busy for 41ms
⏱️ [hitch] main thread busy for 40ms
⏱️ [hitch] main thread busy for 42ms
⏱️ [hitch] main thread busy for 43ms
⏱️ [hitch] main thread busy for 43ms
⏱️ [hitch] main thread busy for 44ms
⏱️ [hitch] main thread busy for 40ms
⏱️ [hitch] main thread busy for 41ms
⏱️ [hitch] main thread busy for 43ms
⏱️ [hitch] main thread busy for 44ms
⏱️ [hitch] main thread busy for 49ms
⏱️ [hitch] main thread busy for 47ms
⏱️ [hitch] main thread busy for 58ms
⏱️ [hitch] main thread busy for 47ms
⏱️ [hitch] main thread busy for 50ms
⏱️ [hitch] main thread busy for 45ms
⏱️ [hitch] main thread busy for 49ms
⏱️ [hitch] main thread busy for 47ms
⏱️ [hitch] main thread busy for 41ms
⏱️ [hitch] main thread busy for 116ms
⏱️ [hitch] main thread busy for 41ms
⏱️ [hitch] main thread busy for 40ms
⏱️ [hitch] main thread busy for 44ms
⏱️ [hitch] main thread busy for 51ms
⏱️ [hitch] main thread busy for 40ms
⏱️ [hitch] main thread busy for 55ms
⏱️ [hitch] main thread busy for 50ms
⏱️ [hitch] main thread busy for 49ms
⏱️ [hitch] main thread busy for 43ms
⏱️ [hitch] main thread busy for 44ms
⏱️ [hitch] main thread busy for 41ms
⏱️ [hitch] main thread busy for 49ms
⏱️ [hitch] main thread busy for 40ms
⏱️ [hitch] main thread busy for 40ms
⏱️ [hitch] main thread busy for 45ms
🔊 [sfx] t=1790330245.346 agent-done
⏱️ [expand] 直接显示（不做展开动画）；展开方式=notchBloom（当前不生效）
⏱️ [expand] 展开开始 t=1790330247.141
⏱️ [expand] 内容就位 +23ms（此前屏幕上只有那块白板）
🔬 [card] 冷启动完整排版：1 字 → 1 unit / 1 行，耗时 0.1ms
🔬 [card] 冷启动完整排版：193 字 → 129 unit / 5 行，耗时 2.2ms
🔊 [sfx] t=1790330247.216 ui-navigation-push
⏱️ [hitch] main thread busy for 97ms
⏱️ [hitch] main thread busy for 47ms
⏱️ [expand] 直接显示（不做展开动画）；展开方式=notchBloom（当前不生效）
⏱️ [expand] 展开开始 t=1790330339.189
⏱️ [expand] 内容就位 +37ms（此前屏幕上只有那块白板）
🔬 [card] 冷启动完整排版：1 字 → 1 unit / 1 行，耗时 0.2ms
🔬 [card] 冷启动完整排版：193 字 → 129 unit / 5 行，耗时 2.5ms
⏱️ [hitch] main thread busy for 55ms
🔊 [sfx] t=1790330339.264 ui-navigation-push
⏱️ [expand] 直接显示（不做展开动画）；展开方式=notchBloom（当前不生效）
⏱️ [expand] 展开开始 t=1790330350.188
⏱️ [expand] 内容就位 +41ms（此前屏幕上只有那块白板）
🔬 [card] 冷启动完整排版：1 字 → 1 unit / 1 行，耗时 0.1ms
🔬 [card] 冷启动完整排版：193 字 → 129 unit / 5 行，耗时 2.4ms
⏱️ [hitch] main thread busy for 57ms
🔊 [sfx] t=1790330350.338 ui-navigation-push
⏱️ [hitch] main thread busy for 41ms
🔬 [card] 冷启动完整排版：1 字 → 1 unit / 1 行，耗时 0.1ms
⏱️ [hitch] main thread busy for 42ms
⏱️ [hitch] main thread busy for 41ms
⏱️ [hitch] main thread busy for 43ms
⏱️ [hitch] main thread busy for 49ms
⏱️ [hitch] main thread busy for 51ms
⏱️ [hitch] main thread busy for 40ms
⏱️ [hitch] main thread busy for 40ms
⏱️ [hitch] main thread busy for 41ms
⏱️ [hitch] main thread busy for 41ms
⏱️ [hitch] main thread busy for 43ms
⏱️ [hitch] main thread busy for 45ms
