🎙️ Transcription: using Bailian 语音模型（当识别器）
🎯 Clicky: Starting...
🎯 Clicky: Version 1.0
🔑 Permissions — accessibility: true, screen: true, mic: true, screenContent: false
🔑 Clicky start — accessibility: true, screen: true, mic: true, screenContent: true, onboarded: true
💬 Clicky: restored 10 exchanges from session 「你看一下当前页面在搞什么事情。」
⏱️ [hitch] main thread busy for 44ms
⏱️ [hitch] main thread busy for 42ms
⏱️ [hitch] main thread busy for 46ms
⏱️ [hitch] main thread busy for 199ms
⏱️ [hitch] main thread busy for 74ms
🔊 [aecprobe] t=1790244041.234 event=vpToggleBefore device="MacBook Pro麦克风" node=48000Hz/1ch vpEnabled=false agc=false
⏱️ [hitch] main thread busy for 41ms
🔊 [aecprobe] t=1790244042.608 event=vpToggleAfter device="MacBook Pro麦克风" node=48000Hz/3ch vpEnabled=true agc=false
⚠️ VoicePlaybackEngine: engine.start() returned but the engine is not running — rebuilding the IO and starting again
🔊 VoicePlaybackEngine: engine started (time-pitch node → mixer, echo cancellation requested, **实测 voiceProcessing=true AGC=false**, mixer 48000 Hz / input 48000 Hz 3 ch)
🔊 [aecprobe] t=1790244043.148 event=bringUp isRunning=true device="MacBook Pro麦克风" node=48000Hz/3ch vpEnabled=true agc=false
🔥 语音聊天：音频引擎已预热
⏱️ [hitch] main thread busy for 54ms
⏱️ [hitch] main thread busy for 43ms
🔥 语音聊天：音频引擎已预热
⏱️ [hitch] main thread busy for 101ms
⏱️ [hitch] main thread busy for 42ms
⏱️ [hitch] main thread busy for 196ms
⏱️ [hitch] main thread busy for 43ms
⏱️ [hitch] main thread busy for 41ms
⏱️ [hitch] main thread busy for 43ms
⏱️ [hitch] main thread busy for 50ms
⏱️ [hitch] main thread busy for 44ms
⏱️ [hitch] main thread busy for 44ms
⏱️ [hitch] main thread busy for 42ms
⏱️ [hitch] main thread busy for 151ms
⏱️ [hitch] main thread busy for 42ms
⏱️ [hitch] main thread busy for 41ms
⏱️ [hitch] main thread busy for 45ms
⏱️ [hitch] main thread busy for 41ms
⏱️ [hitch] main thread busy for 42ms
⏱️ [hitch] main thread busy for 98ms
⏱️ [hitch] main thread busy for 43ms
⏱️ [hitch] main thread busy for 40ms
⏱️ [hitch] main thread busy for 46ms
⏱️ [hitch] main thread busy for 42ms
⏱️ [hitch] main thread busy for 41ms
⏱️ [hitch] main thread busy for 43ms
⏱️ [hitch] main thread busy for 46ms
⏱️ [hitch] main thread busy for 45ms
⏱️ [hitch] main thread busy for 40ms
🔊 CompanionManager: 3 分钟没有活动，释放音频引擎
🔊 VoicePlaybackEngine: engine released — voice processing off, nothing else is ducked
⏱️ [hitch] main thread busy for 501ms
⏱️ [hitch] main thread busy for 183ms
⏱️ [hitch] main thread busy for 42ms
⏱️ [hitch] main thread busy for 40ms
⏱️ [hitch] main thread busy for 50ms
⏱️ [hitch] main thread busy for 42ms
⏱️ [hitch] main thread busy for 44ms
⏱️ [hitch] main thread busy for 42ms
⏱️ [hitch] main thread busy for 45ms
⏱️ [hitch] main thread busy for 42ms
⏱️ [hitch] main thread busy for 46ms
⏱️ [hitch] main thread busy for 40ms
⏱️ [hitch] main thread busy for 43ms
⏱️ [hitch] main thread busy for 43ms
⏱️ [hitch] main thread busy for 41ms
⏱️ [hitch] main thread busy for 42ms
⏱️ [hitch] main thread busy for 47ms
⏱️ [hitch] main thread busy for 40ms
⏱️ [hitch] main thread busy for 52ms
⏱️ [hitch] main thread busy for 42ms
⏱️ [hitch] main thread busy for 40ms
⏱️ [hitch] main thread busy for 42ms
⏱️ [hitch] main thread busy for 57ms
⏱️ [hitch] main thread busy for 44ms
⏱️ [hitch] main thread busy for 51ms
⏱️ [hitch] main thread busy for 43ms
⏱️ [hitch] main thread busy for 45ms
⏱️ [hitch] main thread busy for 45ms
⏱️ [hitch] main thread busy for 44ms
⏱️ [hitch] main thread busy for 52ms
⏱️ [hitch] main thread busy for 44ms
⏱️ [hitch] main thread busy for 46ms
⏱️ [hitch] main thread busy for 48ms
⏱️ [hitch] main thread busy for 46ms
⏱️ [hitch] main thread busy for 45ms
⏱️ [hitch] main thread busy for 48ms
⏱️ [hitch] main thread busy for 48ms
⏱️ [hitch] main thread busy for 41ms
⏱️ [hitch] main thread busy for 45ms
⏱️ [hitch] main thread busy for 42ms
⏱️ [hitch] main thread busy for 45ms
⏱️ [hitch] main thread busy for 56ms
⏱️ [hitch] main thread busy for 41ms
⏱️ [hitch] main thread busy for 43ms
⏱️ [hitch] main thread busy for 55ms
⏱️ [hitch] main thread busy for 42ms
⏱️ [hitch] main thread busy for 42ms
⏱️ [hitch] main thread busy for 54ms
⏱️ [hitch] main thread busy for 40ms
⏱️ [hitch] main thread busy for 43ms
⏱️ [hitch] main thread busy for 49ms
⏱️ [hitch] main thread busy for 51ms
⏱️ [hitch] main thread busy for 53ms
⏱️ [hitch] main thread busy for 42ms
⏱️ [hitch] main thread busy for 43ms
⏱️ [hitch] main thread busy for 44ms
⏱️ [hitch] main thread busy for 49ms
⏱️ [hitch] main thread busy for 41ms
⏱️ [hitch] main thread busy for 50ms
⏱️ [hitch] main thread busy for 45ms
⏱️ [hitch] main thread busy for 45ms
⏱️ [hitch] main thread busy for 45ms
⏱️ [hitch] main thread busy for 54ms
⏱️ [hitch] main thread busy for 48ms
⏱️ [hitch] main thread busy for 47ms
⏱️ [hitch] main thread busy for 59ms
⏱️ [hitch] main thread busy for 43ms
⏱️ [hitch] main thread busy for 48ms
⏱️ [hitch] main thread busy for 42ms
⏱️ [hitch] main thread busy for 41ms
⏱️ [hitch] main thread busy for 51ms
⏱️ [hitch] main thread busy for 46ms
⏱️ [hitch] main thread busy for 44ms
⏱️ [hitch] main thread busy for 50ms
⏱️ [hitch] main thread busy for 52ms
⏱️ [hitch] main thread busy for 48ms
⏱️ [hitch] main thread busy for 52ms
⏱️ [hitch] main thread busy for 44ms
⏱️ [hitch] main thread busy for 49ms
⏱️ [hitch] main thread busy for 40ms
⏱️ [hitch] main thread busy for 45ms
⏱️ [hitch] main thread busy for 41ms
⏱️ [hitch] main thread busy for 53ms
⏱️ [hitch] main thread busy for 47ms
⏱️ [hitch] main thread busy for 42ms
⏱️ [hitch] main thread busy for 47ms
⏱️ [hitch] main thread busy for 48ms
⏱️ [hitch] main thread busy for 43ms
⏱️ [hitch] main thread busy for 43ms
⏱️ [hitch] main thread busy for 42ms
⏱️ [hitch] main thread busy for 46ms
⏱️ [hitch] main thread busy for 40ms
⏱️ [hitch] main thread busy for 59ms
⏱️ [hitch] main thread busy for 56ms
⏱️ [hitch] main thread busy for 40ms
⏱️ [hitch] main thread busy for 46ms
⏱️ [hitch] main thread busy for 44ms
⏱️ [hitch] main thread busy for 51ms
⏱️ [hitch] main thread busy for 41ms
⏱️ [hitch] main thread busy for 47ms
⏱️ [hitch] main thread busy for 47ms
⏱️ [hitch] main thread busy for 46ms
⏱️ [hitch] main thread busy for 41ms
⏱️ [hitch] main thread busy for 56ms
⏱️ [hitch] main thread busy for 41ms
⏱️ [hitch] main thread busy for 41ms
⏱️ [hitch] main thread busy for 45ms
⏱️ [hitch] main thread busy for 45ms
⏱️ [hitch] main thread busy for 46ms
⏱️ [hitch] main thread busy for 43ms
⏱️ [hitch] main thread busy for 42ms
⏱️ [hitch] main thread busy for 45ms
⏱️ [hitch] main thread busy for 43ms
⏱️ [hitch] main thread busy for 47ms
⏱️ [hitch] main thread busy for 50ms
⏱️ [hitch] main thread busy for 41ms
⏱️ [hitch] main thread busy for 59ms
⏱️ [hitch] main thread busy for 44ms
⏱️ [hitch] main thread busy for 51ms
⏱️ [hitch] main thread busy for 57ms
⏱️ [hitch] main thread busy for 44ms
⏱️ [hitch] main thread busy for 42ms
⏱️ [hitch] main thread busy for 47ms
⏱️ [hitch] main thread busy for 43ms
⏱️ [hitch] main thread busy for 45ms
⏱️ [hitch] main thread busy for 48ms
⏱️ [hitch] main thread busy for 48ms
⏱️ [hitch] main thread busy for 60ms
⏱️ [hitch] main thread busy for 45ms
⏱️ [hitch] main thread busy for 41ms
⏱️ [hitch] main thread busy for 45ms
⏱️ [hitch] main thread busy for 48ms
⏱️ [hitch] main thread busy for 47ms
⏱️ [hitch] main thread busy for 50ms
⏱️ [hitch] main thread busy for 45ms
⏱️ [hitch] main thread busy for 44ms
⏱️ [hitch] main thread busy for 43ms
⏱️ [hitch] main thread busy for 54ms
⏱️ [hitch] main thread busy for 46ms
⏱️ [hitch] main thread busy for 40ms
⏱️ [hitch] main thread busy for 40ms
⏱️ [hitch] main thread busy for 53ms
⏱️ [hitch] main thread busy for 45ms
⏱️ [hitch] main thread busy for 46ms
⏱️ [hitch] main thread busy for 53ms
⏱️ [hitch] main thread busy for 46ms
⏱️ [hitch] main thread busy for 40ms
⏱️ [hitch] main thread busy for 42ms
⏱️ [hitch] main thread busy for 43ms
⏱️ [hitch] main thread busy for 43ms
⏱️ [hitch] main thread busy for 51ms
⏱️ [hitch] main thread busy for 47ms
⏱️ [hitch] main thread busy for 40ms
⏱️ [hitch] main thread busy for 50ms
⏱️ [hitch] main thread busy for 46ms
⏱️ [hitch] main thread busy for 41ms
⏱️ [hitch] main thread busy for 50ms
⏱️ [hitch] main thread busy for 45ms
⏱️ [hitch] main thread busy for 44ms
⏱️ [hitch] main thread busy for 42ms
⏱️ [hitch] main thread busy for 42ms
⏱️ [hitch] main thread busy for 42ms
⏱️ [hitch] main thread busy for 47ms
⏱️ [hitch] main thread busy for 43ms
⏱️ [hitch] main thread busy for 55ms
⏱️ [hitch] main thread busy for 49ms
⏱️ [hitch] main thread busy for 50ms
⏱️ [hitch] main thread busy for 45ms
⏱️ [hitch] main thread busy for 47ms
⏱️ [hitch] main thread busy for 44ms
⏱️ [hitch] main thread busy for 47ms
⏱️ [hitch] main thread busy for 40ms
⏱️ [hitch] main thread busy for 48ms
⏱️ [hitch] main thread busy for 54ms
⏱️ [hitch] main thread busy for 42ms
⏱️ [hitch] main thread busy for 42ms
⏱️ [hitch] main thread busy for 59ms
⏱️ [hitch] main thread busy for 49ms
⏱️ [hitch] main thread busy for 44ms
⏱️ [hitch] main thread busy for 54ms
⏱️ [hitch] main thread busy for 45ms
⏱️ [hitch] main thread busy for 44ms
⏱️ [hitch] main thread busy for 40ms
⏱️ [hitch] main thread busy for 45ms
⏱️ [hitch] main thread busy for 46ms
⏱️ [hitch] main thread busy for 47ms
⏱️ [hitch] main thread busy for 61ms
⏱️ [hitch] main thread busy for 48ms
⏱️ [hitch] main thread busy for 56ms
⏱️ [hitch] main thread busy for 46ms
⏱️ [hitch] main thread busy for 47ms
⏱️ [hitch] main thread busy for 47ms
⏱️ [hitch] main thread busy for 51ms
⏱️ [hitch] main thread busy for 48ms
⏱️ [hitch] main thread busy for 44ms
⏱️ [hitch] main thread busy for 45ms
⏱️ [hitch] main thread busy for 41ms
⏱️ [hitch] main thread busy for 48ms
⏱️ [hitch] main thread busy for 52ms
⏱️ [hitch] main thread busy for 40ms
⏱️ [hitch] main thread busy for 47ms
⏱️ [hitch] main thread busy for 48ms
⏱️ [hitch] main thread busy for 45ms
⏱️ [hitch] main thread busy for 42ms
⏱️ [hitch] main thread busy for 61ms
⏱️ [hitch] main thread busy for 54ms
⏱️ [hitch] main thread busy for 44ms
⏱️ [hitch] main thread busy for 48ms
⏱️ [hitch] main thread busy for 45ms
⏱️ [hitch] main thread busy for 63ms
⏱️ [hitch] main thread busy for 44ms
⏱️ [hitch] main thread busy for 42ms
⏱️ [hitch] main thread busy for 49ms
⏱️ [hitch] main thread busy for 57ms
⏱️ [hitch] main thread busy for 43ms
⏱️ [hitch] main thread busy for 43ms
⏱️ [hitch] main thread busy for 48ms
⏱️ [hitch] main thread busy for 41ms
⏱️ [hitch] main thread busy for 56ms
⏱️ [hitch] main thread busy for 47ms
⏱️ [hitch] main thread busy for 45ms
⏱️ [hitch] main thread busy for 45ms
⏱️ [hitch] main thread busy for 49ms
⏱️ [hitch] main thread busy for 46ms
⏱️ [hitch] main thread busy for 44ms
⏱️ [hitch] main thread busy for 48ms
⏱️ [hitch] main thread busy for 45ms
⏱️ [hitch] main thread busy for 46ms
⏱️ [hitch] main thread busy for 47ms
⏱️ [hitch] main thread busy for 49ms
⏱️ [hitch] main thread busy for 41ms
⏱️ [hitch] main thread busy for 46ms
⏱️ [hitch] main thread busy for 46ms
⏱️ [hitch] main thread busy for 52ms
⏱️ [hitch] main thread busy for 45ms
⏱️ [hitch] main thread busy for 52ms
⏱️ [hitch] main thread busy for 42ms
⏱️ [hitch] main thread busy for 50ms
⏱️ [hitch] main thread busy for 41ms
⏱️ [hitch] main thread busy for 51ms
⏱️ [hitch] main thread busy for 52ms
⏱️ [hitch] main thread busy for 43ms
⏱️ [hitch] main thread busy for 44ms
⏱️ [hitch] main thread busy for 61ms
⏱️ [hitch] main thread busy for 49ms
⏱️ [hitch] main thread busy for 44ms
⏱️ [hitch] main thread busy for 53ms
⏱️ [hitch] main thread busy for 41ms
⏱️ [hitch] main thread busy for 42ms
⏱️ [hitch] main thread busy for 48ms
⏱️ [hitch] main thread busy for 40ms
⏱️ [hitch] main thread busy for 50ms
⏱️ [hitch] main thread busy for 42ms
⏱️ [hitch] main thread busy for 44ms
⏱️ [hitch] main thread busy for 45ms
⏱️ [hitch] main thread busy for 48ms
⏱️ [hitch] main thread busy for 40ms
⏱️ [hitch] main thread busy for 42ms
⏱️ [hitch] main thread busy for 46ms
⏱️ [hitch] main thread busy for 51ms
⏱️ [hitch] main thread busy for 43ms
⏱️ [hitch] main thread busy for 50ms
⏱️ [hitch] main thread busy for 49ms
⏱️ [hitch] main thread busy for 45ms
⏱️ [hitch] main thread busy for 70ms
⏱️ [hitch] main thread busy for 40ms
⏱️ [hitch] main thread busy for 50ms
⏱️ [hitch] main thread busy for 43ms
⏱️ [hitch] main thread busy for 44ms
⏱️ [hitch] main thread busy for 44ms
⏱️ [hitch] main thread busy for 48ms
⏱️ [hitch] main thread busy for 41ms
⏱️ [hitch] main thread busy for 41ms
⏱️ [hitch] main thread busy for 46ms
⏱️ [hitch] main thread busy for 41ms
⏱️ [hitch] main thread busy for 47ms
⏱️ [hitch] main thread busy for 48ms
⏱️ [hitch] main thread busy for 49ms
⏱️ [hitch] main thread busy for 47ms
⏱️ [hitch] main thread busy for 59ms
⏱️ [hitch] main thread busy for 51ms
⏱️ [hitch] main thread busy for 44ms
⏱️ [hitch] main thread busy for 41ms
⏱️ [hitch] main thread busy for 47ms
⏱️ [hitch] main thread busy for 43ms
⏱️ [hitch] main thread busy for 49ms
⏱️ [hitch] main thread busy for 44ms
⏱️ [hitch] main thread busy for 49ms
⏱️ [hitch] main thread busy for 44ms
⏱️ [hitch] main thread busy for 43ms
⏱️ [hitch] main thread busy for 43ms
⏱️ [hitch] main thread busy for 52ms
⏱️ [hitch] main thread busy for 42ms
⏱️ [hitch] main thread busy for 44ms
⏱️ [hitch] main thread busy for 40ms
⏱️ [hitch] main thread busy for 49ms
⏱️ [hitch] main thread busy for 43ms
⏱️ [hitch] main thread busy for 51ms
⏱️ [hitch] main thread busy for 56ms
⏱️ [hitch] main thread busy for 48ms
⏱️ [hitch] main thread busy for 42ms
⏱️ [hitch] main thread busy for 44ms
⏱️ [hitch] main thread busy for 42ms
⏱️ [hitch] main thread busy for 45ms
⏱️ [hitch] main thread busy for 49ms
⏱️ [hitch] main thread busy for 46ms
⏱️ [hitch] main thread busy for 40ms
⏱️ [hitch] main thread busy for 44ms
⏱️ [hitch] main thread busy for 43ms
⏱️ [hitch] main thread busy for 42ms
⏱️ [hitch] main thread busy for 41ms
⏱️ [hitch] main thread busy for 45ms
⏱️ [hitch] main thread busy for 42ms
⏱️ [hitch] main thread busy for 41ms
⏱️ [hitch] main thread busy for 43ms
⏱️ [hitch] main thread busy for 40ms
⏱️ [hitch] main thread busy for 53ms
⏱️ [hitch] main thread busy for 45ms
⏱️ [hitch] main thread busy for 41ms
⏱️ [hitch] main thread busy for 46ms
⏱️ [hitch] main thread busy for 41ms
⏱️ [hitch] main thread busy for 49ms
⏱️ [hitch] main thread busy for 52ms
⏱️ [hitch] main thread busy for 55ms
⏱️ [hitch] main thread busy for 49ms
⏱️ [hitch] main thread busy for 45ms
⏱️ [hitch] main thread busy for 44ms
⏱️ [hitch] main thread busy for 41ms
⏱️ [hitch] main thread busy for 44ms
⏱️ [hitch] main thread busy for 48ms
⏱️ [hitch] main thread busy for 42ms
⏱️ [hitch] main thread busy for 45ms
⏱️ [hitch] main thread busy for 46ms
⏱️ [hitch] main thread busy for 48ms
⏱️ [hitch] main thread busy for 50ms
⏱️ [hitch] main thread busy for 42ms
⏱️ [hitch] main thread busy for 40ms
⏱️ [hitch] main thread busy for 46ms
⏱️ [hitch] main thread busy for 46ms
⏱️ [hitch] main thread busy for 47ms
⏱️ [hitch] main thread busy for 43ms
⏱️ [hitch] main thread busy for 40ms
⏱️ [hitch] main thread busy for 43ms
⏱️ [hitch] main thread busy for 52ms
⏱️ [hitch] main thread busy for 44ms
⏱️ [hitch] main thread busy for 42ms
⏱️ [hitch] main thread busy for 41ms
⏱️ [hitch] main thread busy for 40ms
⏱️ [hitch] main thread busy for 42ms
⏱️ [hitch] main thread busy for 44ms
⏱️ [hitch] main thread busy for 49ms
⏱️ [hitch] main thread busy for 46ms
⏱️ [hitch] main thread busy for 41ms
⏱️ [hitch] main thread busy for 44ms
⏱️ [hitch] main thread busy for 48ms
⏱️ [hitch] main thread busy for 48ms
⏱️ [hitch] main thread busy for 41ms
⏱️ [hitch] main thread busy for 44ms
⏱️ [hitch] main thread busy for 40ms
⏱️ [hitch] main thread busy for 48ms
⏱️ [hitch] main thread busy for 47ms
⏱️ [hitch] main thread busy for 46ms
⏱️ [hitch] main thread busy for 40ms
⏱️ [hitch] main thread busy for 43ms
⏱️ [hitch] main thread busy for 49ms
⏱️ [hitch] main thread busy for 51ms
⏱️ [hitch] main thread busy for 45ms
⏱️ [hitch] main thread busy for 54ms
⏱️ [hitch] main thread busy for 41ms
⏱️ [hitch] main thread busy for 77ms
⏱️ [hitch] main thread busy for 45ms
⏱️ [hitch] main thread busy for 44ms
⏱️ [hitch] main thread busy for 43ms
⏱️ [hitch] main thread busy for 40ms
⏱️ [hitch] main thread busy for 41ms
⏱️ [hitch] main thread busy for 43ms
⏱️ [hitch] main thread busy for 42ms
⏱️ [hitch] main thread busy for 46ms
⏱️ [hitch] main thread busy for 41ms
⏱️ [hitch] main thread busy for 59ms
⏱️ [hitch] main thread busy for 51ms
⏱️ [hitch] main thread busy for 45ms
⏱️ [hitch] main thread busy for 40ms
⏱️ [hitch] main thread busy for 42ms
⏱️ [hitch] main thread busy for 49ms
⏱️ [hitch] main thread busy for 41ms
⏱️ [hitch] main thread busy for 47ms
⏱️ [hitch] main thread busy for 42ms
⏱️ [hitch] main thread busy for 48ms
⏱️ [hitch] main thread busy for 41ms
⏱️ [hitch] main thread busy for 43ms
⏱️ [hitch] main thread busy for 47ms
⏱️ [hitch] main thread busy for 43ms
⏱️ [hitch] main thread busy for 41ms
⏱️ [hitch] main thread busy for 52ms
⏱️ [hitch] main thread busy for 53ms
⏱️ [hitch] main thread busy for 52ms
⏱️ [hitch] main thread busy for 42ms
⏱️ [hitch] main thread busy for 48ms
⏱️ [hitch] main thread busy for 43ms
⏱️ [hitch] main thread busy for 44ms
⏱️ [hitch] main thread busy for 55ms
⏱️ [hitch] main thread busy for 52ms
⏱️ [hitch] main thread busy for 48ms
⏱️ [hitch] main thread busy for 45ms
⏱️ [hitch] main thread busy for 43ms
⏱️ [hitch] main thread busy for 49ms
⏱️ [hitch] main thread busy for 42ms
⏱️ [hitch] main thread busy for 47ms
⏱️ [hitch] main thread busy for 46ms
⏱️ [hitch] main thread busy for 49ms
⏱️ [hitch] main thread busy for 45ms
⏱️ [hitch] main thread busy for 48ms
⏱️ [hitch] main thread busy for 47ms
⏱️ [hitch] main thread busy for 45ms
⏱️ [hitch] main thread busy for 40ms
⏱️ [hitch] main thread busy for 48ms
⏱️ [hitch] main thread busy for 42ms
⏱️ [hitch] main thread busy for 48ms
⏱️ [hitch] main thread busy for 47ms
⏱️ [hitch] main thread busy for 46ms
⏱️ [hitch] main thread busy for 45ms
⏱️ [hitch] main thread busy for 40ms
⏱️ [hitch] main thread busy for 54ms
⏱️ [hitch] main thread busy for 42ms
⏱️ [hitch] main thread busy for 40ms
⏱️ [hitch] main thread busy for 42ms
⏱️ [hitch] main thread busy for 41ms
⏱️ [hitch] main thread busy for 41ms
⏱️ [hitch] main thread busy for 51ms
⏱️ [hitch] main thread busy for 44ms
⏱️ [hitch] main thread busy for 51ms
⏱️ [hitch] main thread busy for 52ms
⏱️ [hitch] main thread busy for 49ms
⏱️ [hitch] main thread busy for 43ms
⏱️ [hitch] main thread busy for 46ms
⏱️ [hitch] main thread busy for 45ms
⏱️ [hitch] main thread busy for 59ms
⏱️ [hitch] main thread busy for 43ms
⏱️ [hitch] main thread busy for 63ms
⏱️ [hitch] main thread busy for 40ms
⏱️ [hitch] main thread busy for 44ms
⏱️ [hitch] main thread busy for 47ms
⏱️ [hitch] main thread busy for 54ms
⏱️ [hitch] main thread busy for 52ms
⏱️ [hitch] main thread busy for 42ms
⏱️ [hitch] main thread busy for 43ms
⏱️ [hitch] main thread busy for 50ms
⏱️ [hitch] main thread busy for 47ms
⏱️ [hitch] main thread busy for 44ms
⏱️ [hitch] main thread busy for 42ms
⏱️ [hitch] main thread busy for 43ms
⏱️ [hitch] main thread busy for 51ms
⏱️ [hitch] main thread busy for 52ms
⏱️ [hitch] main thread busy for 50ms
⏱️ [hitch] main thread busy for 58ms
⏱️ [hitch] main thread busy for 50ms
⏱️ [hitch] main thread busy for 43ms
⏱️ [hitch] main thread busy for 51ms
⏱️ [hitch] main thread busy for 43ms
⏱️ [hitch] main thread busy for 50ms
⏱️ [hitch] main thread busy for 52ms
⏱️ [hitch] main thread busy for 42ms
⏱️ [hitch] main thread busy for 48ms
⏱️ [hitch] main thread busy for 43ms
⏱️ [hitch] main thread busy for 44ms
⏱️ [hitch] main thread busy for 46ms
⏱️ [hitch] main thread busy for 45ms
⏱️ [hitch] main thread busy for 49ms
⏱️ [hitch] main thread busy for 42ms
⏱️ [hitch] main thread busy for 45ms
⏱️ [hitch] main thread busy for 50ms
⏱️ [hitch] main thread busy for 56ms
⏱️ [hitch] main thread busy for 52ms
⏱️ [hitch] main thread busy for 42ms
⏱️ [hitch] main thread busy for 46ms
⏱️ [hitch] main thread busy for 59ms
⏱️ [hitch] main thread busy for 44ms
⏱️ [hitch] main thread busy for 45ms
⏱️ [hitch] main thread busy for 47ms
⏱️ [hitch] main thread busy for 49ms
⏱️ [hitch] main thread busy for 44ms
⏱️ [hitch] main thread busy for 43ms
⏱️ [hitch] main thread busy for 40ms
⏱️ [hitch] main thread busy for 49ms
⏱️ [hitch] main thread busy for 47ms
⏱️ [hitch] main thread busy for 45ms
⏱️ [hitch] main thread busy for 41ms
⏱️ [hitch] main thread busy for 41ms
⏱️ [hitch] main thread busy for 44ms
⏱️ [hitch] main thread busy for 44ms
⏱️ [hitch] main thread busy for 48ms
⏱️ [hitch] main thread busy for 43ms
⏱️ [hitch] main thread busy for 44ms
⏱️ [hitch] main thread busy for 47ms
⏱️ [hitch] main thread busy for 42ms
⏱️ [hitch] main thread busy for 53ms
⏱️ [hitch] main thread busy for 54ms
⏱️ [hitch] main thread busy for 44ms
⏱️ [hitch] main thread busy for 56ms
⏱️ [hitch] main thread busy for 52ms
⏱️ [hitch] main thread busy for 42ms
⏱️ [hitch] main thread busy for 51ms
⏱️ [hitch] main thread busy for 45ms
⏱️ [hitch] main thread busy for 46ms
⏱️ [hitch] main thread busy for 46ms
⏱️ [hitch] main thread busy for 41ms
⏱️ [hitch] main thread busy for 44ms
⏱️ [hitch] main thread busy for 46ms
⏱️ [hitch] main thread busy for 50ms
⏱️ [hitch] main thread busy for 42ms
⏱️ [hitch] main thread busy for 42ms
⏱️ [hitch] main thread busy for 67ms
⏱️ [hitch] main thread busy for 51ms
⏱️ [hitch] main thread busy for 48ms
⏱️ [hitch] main thread busy for 46ms
⏱️ [hitch] main thread busy for 42ms
⏱️ [hitch] main thread busy for 43ms
⏱️ [hitch] main thread busy for 44ms
⏱️ [hitch] main thread busy for 51ms
⏱️ [hitch] main thread busy for 41ms
⏱️ [hitch] main thread busy for 43ms
⏱️ [hitch] main thread busy for 48ms
⏱️ [hitch] main thread busy for 42ms
⏱️ [hitch] main thread busy for 45ms
⏱️ [hitch] main thread busy for 49ms
⏱️ [hitch] main thread busy for 44ms
⏱️ [hitch] main thread busy for 43ms
⏱️ [hitch] main thread busy for 44ms
⏱️ [hitch] main thread busy for 41ms
⏱️ [hitch] main thread busy for 51ms
⏱️ [hitch] main thread busy for 46ms
⏱️ [hitch] main thread busy for 45ms
⏱️ [hitch] main thread busy for 44ms
⏱️ [hitch] main thread busy for 44ms
⏱️ [hitch] main thread busy for 50ms
⏱️ [hitch] main thread busy for 44ms
⏱️ [hitch] main thread busy for 40ms
⏱️ [hitch] main thread busy for 43ms
⏱️ [hitch] main thread busy for 45ms
⏱️ [hitch] main thread busy for 40ms
⏱️ [hitch] main thread busy for 53ms
⏱️ [hitch] main thread busy for 52ms
⏱️ [hitch] main thread busy for 55ms
⏱️ [hitch] main thread busy for 42ms
⏱️ [hitch] main thread busy for 46ms
⏱️ [hitch] main thread busy for 46ms
⏱️ [hitch] main thread busy for 46ms
⏱️ [hitch] main thread busy for 42ms
⏱️ [hitch] main thread busy for 42ms
⏱️ [hitch] main thread busy for 47ms
⏱️ [hitch] main thread busy for 41ms
⏱️ [hitch] main thread busy for 40ms
⏱️ [hitch] main thread busy for 50ms
⏱️ [hitch] main thread busy for 43ms
⏱️ [hitch] main thread busy for 48ms
⏱️ [hitch] main thread busy for 47ms
⏱️ [hitch] main thread busy for 43ms
⏱️ [hitch] main thread busy for 48ms
⏱️ [hitch] main thread busy for 52ms
⏱️ [hitch] main thread busy for 43ms
⏱️ [hitch] main thread busy for 46ms
⏱️ [hitch] main thread busy for 50ms
⏱️ [hitch] main thread busy for 51ms
⏱️ [hitch] main thread busy for 60ms
⏱️ [hitch] main thread busy for 43ms
⏱️ [hitch] main thread busy for 42ms
⏱️ [hitch] main thread busy for 43ms
⏱️ [hitch] main thread busy for 46ms
⏱️ [hitch] main thread busy for 51ms
⏱️ [hitch] main thread busy for 49ms
⏱️ [hitch] main thread busy for 48ms
⏱️ [hitch] main thread busy for 41ms
⏱️ [hitch] main thread busy for 42ms
⏱️ [hitch] main thread busy for 45ms
⏱️ [hitch] main thread busy for 42ms
⏱️ [hitch] main thread busy for 46ms
⏱️ [hitch] main thread busy for 41ms
⏱️ [hitch] main thread busy for 41ms
⏱️ [hitch] main thread busy for 47ms
⏱️ [hitch] main thread busy for 48ms
⏱️ [hitch] main thread busy for 44ms
⏱️ [hitch] main thread busy for 44ms
⏱️ [hitch] main thread busy for 40ms
⏱️ [hitch] main thread busy for 44ms
⏱️ [hitch] main thread busy for 44ms
⏱️ [hitch] main thread busy for 41ms
⏱️ [hitch] main thread busy for 60ms
⏱️ [hitch] main thread busy for 40ms
⏱️ [hitch] main thread busy for 47ms
⏱️ [hitch] main thread busy for 51ms
⏱️ [hitch] main thread busy for 40ms
⏱️ [hitch] main thread busy for 53ms
⏱️ [hitch] main thread busy for 44ms
⏱️ [hitch] main thread busy for 42ms
⏱️ [hitch] main thread busy for 42ms
⏱️ [hitch] main thread busy for 45ms
⏱️ [hitch] main thread busy for 50ms
⏱️ [hitch] main thread busy for 52ms
⏱️ [hitch] main thread busy for 43ms
⏱️ [hitch] main thread busy for 63ms
⏱️ [hitch] main thread busy for 44ms
⏱️ [hitch] main thread busy for 42ms
⏱️ [hitch] main thread busy for 42ms
⏱️ [hitch] main thread busy for 48ms
⏱️ [hitch] main thread busy for 48ms
⏱️ [hitch] main thread busy for 47ms
⏱️ [hitch] main thread busy for 41ms
⏱️ [hitch] main thread busy for 46ms
⏱️ [hitch] main thread busy for 51ms
⏱️ [hitch] main thread busy for 42ms
⏱️ [hitch] main thread busy for 41ms
⏱️ [hitch] main thread busy for 41ms
⏱️ [hitch] main thread busy for 49ms
⏱️ [hitch] main thread busy for 41ms
⏱️ [hitch] main thread busy for 44ms
⏱️ [hitch] main thread busy for 49ms
⏱️ [hitch] main thread busy for 42ms
⏱️ [hitch] main thread busy for 42ms
⏱️ [hitch] main thread busy for 42ms
⏱️ [hitch] main thread busy for 40ms
⏱️ [hitch] main thread busy for 43ms
⏱️ [hitch] main thread busy for 43ms
⏱️ [hitch] main thread busy for 43ms
⏱️ [hitch] main thread busy for 48ms
⏱️ [hitch] main thread busy for 47ms
⏱️ [hitch] main thread busy for 49ms
⏱️ [hitch] main thread busy for 40ms
⏱️ [hitch] main thread busy for 47ms
⏱️ [hitch] main thread busy for 61ms
⏱️ [hitch] main thread busy for 42ms
⏱️ [hitch] main thread busy for 50ms
⏱️ [hitch] main thread busy for 45ms
⏱️ [hitch] main thread busy for 42ms
⏱️ [hitch] main thread busy for 41ms
⏱️ [hitch] main thread busy for 40ms
⏱️ [hitch] main thread busy for 48ms
⏱️ [hitch] main thread busy for 43ms
⏱️ [hitch] main thread busy for 42ms
⏱️ [hitch] main thread busy for 44ms
⏱️ [hitch] main thread busy for 43ms
⏱️ [hitch] main thread busy for 43ms
⏱️ [hitch] main thread busy for 43ms
⏱️ [hitch] main thread busy for 49ms
⏱️ [hitch] main thread busy for 45ms
⏱️ [hitch] main thread busy for 48ms
⏱️ [hitch] main thread busy for 42ms
⏱️ [hitch] main thread busy for 42ms
⏱️ [hitch] main thread busy for 45ms
⏱️ [hitch] main thread busy for 41ms
⏱️ [hitch] main thread busy for 43ms
⏱️ [hitch] main thread busy for 53ms
⏱️ [hitch] main thread busy for 41ms
⏱️ [hitch] main thread busy for 42ms
⏱️ [hitch] main thread busy for 42ms
⏱️ [hitch] main thread busy for 51ms
⏱️ [hitch] main thread busy for 40ms
⏱️ [hitch] main thread busy for 40ms
⏱️ [hitch] main thread busy for 40ms
⏱️ [hitch] main thread busy for 46ms
⏱️ [hitch] main thread busy for 48ms
⏱️ [hitch] main thread busy for 43ms
⏱️ [hitch] main thread busy for 48ms
⏱️ [hitch] main thread busy for 47ms
⏱️ [hitch] main thread busy for 46ms
⏱️ [hitch] main thread busy for 43ms
⏱️ [hitch] main thread busy for 49ms
⏱️ [hitch] main thread busy for 54ms
⏱️ [hitch] main thread busy for 45ms
⏱️ [hitch] main thread busy for 43ms
⏱️ [hitch] main thread busy for 40ms
⏱️ [hitch] main thread busy for 49ms
⏱️ [hitch] main thread busy for 48ms
⏱️ [hitch] main thread busy for 43ms
⏱️ [hitch] main thread busy for 42ms
⏱️ [hitch] main thread busy for 50ms
⏱️ [hitch] main thread busy for 44ms
⏱️ [hitch] main thread busy for 48ms
⏱️ [hitch] main thread busy for 48ms
⏱️ [hitch] main thread busy for 42ms
⏱️ [hitch] main thread busy for 44ms
⏱️ [hitch] main thread busy for 44ms
⏱️ [hitch] main thread busy for 40ms
⏱️ [hitch] main thread busy for 42ms
⏱️ [hitch] main thread busy for 47ms
⏱️ [hitch] main thread busy for 40ms
⏱️ [hitch] main thread busy for 42ms
⏱️ [hitch] main thread busy for 50ms
⏱️ [hitch] main thread busy for 45ms
⏱️ [hitch] main thread busy for 47ms
⏱️ [hitch] main thread busy for 52ms
⏱️ [hitch] main thread busy for 44ms
⏱️ [hitch] main thread busy for 44ms
⏱️ [hitch] main thread busy for 46ms
⏱️ [hitch] main thread busy for 41ms
⏱️ [hitch] main thread busy for 47ms
⏱️ [hitch] main thread busy for 50ms
⏱️ [hitch] main thread busy for 43ms
⏱️ [hitch] main thread busy for 43ms
⏱️ [hitch] main thread busy for 44ms
⏱️ [hitch] main thread busy for 41ms
⏱️ [hitch] main thread busy for 47ms
⏱️ [hitch] main thread busy for 44ms
⏱️ [hitch] main thread busy for 41ms
⏱️ [hitch] main thread busy for 41ms
⏱️ [hitch] main thread busy for 48ms
⏱️ [hitch] main thread busy for 42ms
⏱️ [hitch] main thread busy for 40ms
⏱️ [hitch] main thread busy for 40ms
⏱️ [hitch] main thread busy for 44ms
⏱️ [hitch] main thread busy for 52ms
⏱️ [hitch] main thread busy for 44ms
⏱️ [hitch] main thread busy for 41ms
⏱️ [hitch] main thread busy for 51ms
⏱️ [hitch] main thread busy for 48ms
⏱️ [hitch] main thread busy for 40ms
⏱️ [hitch] main thread busy for 42ms
⏱️ [hitch] main thread busy for 43ms
⏱️ [hitch] main thread busy for 48ms
⏱️ [hitch] main thread busy for 48ms
⏱️ [hitch] main thread busy for 42ms
⏱️ [hitch] main thread busy for 46ms
⏱️ [hitch] main thread busy for 40ms
⏱️ [hitch] main thread busy for 48ms
⏱️ [hitch] main thread busy for 48ms
⏱️ [hitch] main thread busy for 44ms
⏱️ [hitch] main thread busy for 40ms
⏱️ [hitch] main thread busy for 42ms
⏱️ [hitch] main thread busy for 42ms
⏱️ [hitch] main thread busy for 45ms
⏱️ [hitch] main thread busy for 48ms
⏱️ [hitch] main thread busy for 56ms
⏱️ [hitch] main thread busy for 42ms
⏱️ [hitch] main thread busy for 41ms
⏱️ [hitch] main thread busy for 52ms
⏱️ [hitch] main thread busy for 41ms
⏱️ [hitch] main thread busy for 52ms
⏱️ [hitch] main thread busy for 57ms
⏱️ [hitch] main thread busy for 44ms
⏱️ [hitch] main thread busy for 43ms
⏱️ [hitch] main thread busy for 59ms
⏱️ [hitch] main thread busy for 47ms
⏱️ [hitch] main thread busy for 44ms
⏱️ [hitch] main thread busy for 51ms
⏱️ [hitch] main thread busy for 43ms
⏱️ [hitch] main thread busy for 41ms
⏱️ [hitch] main thread busy for 41ms
⏱️ [hitch] main thread busy for 47ms
⏱️ [hitch] main thread busy for 47ms
⏱️ [hitch] main thread busy for 45ms
⏱️ [hitch] main thread busy for 41ms
⏱️ [hitch] main thread busy for 47ms
⏱️ [hitch] main thread busy for 55ms
⏱️ [hitch] main thread busy for 52ms
⏱️ [hitch] main thread busy for 44ms
⏱️ [hitch] main thread busy for 43ms
⏱️ [hitch] main thread busy for 44ms
⏱️ [hitch] main thread busy for 49ms
⏱️ [hitch] main thread busy for 40ms
⏱️ [hitch] main thread busy for 42ms
⏱️ [hitch] main thread busy for 48ms
⏱️ [hitch] main thread busy for 47ms
⏱️ [hitch] main thread busy for 43ms
⏱️ [hitch] main thread busy for 44ms
⏱️ [hitch] main thread busy for 43ms
⏱️ [hitch] main thread busy for 43ms
⏱️ [hitch] main thread busy for 44ms
⏱️ [hitch] main thread busy for 43ms
⏱️ [hitch] main thread busy for 43ms
⏱️ [hitch] main thread busy for 47ms
⏱️ [hitch] main thread busy for 42ms
⏱️ [hitch] main thread busy for 44ms
⏱️ [hitch] main thread busy for 41ms
⏱️ [hitch] main thread busy for 40ms
⏱️ [hitch] main thread busy for 49ms
⏱️ [hitch] main thread busy for 41ms
⏱️ [hitch] main thread busy for 50ms
⏱️ [hitch] main thread busy for 41ms
⏱️ [hitch] main thread busy for 48ms
⏱️ [hitch] main thread busy for 45ms
⏱️ [hitch] main thread busy for 40ms
⏱️ [hitch] main thread busy for 45ms
⏱️ [hitch] main thread busy for 45ms
⏱️ [hitch] main thread busy for 41ms
⏱️ [hitch] main thread busy for 43ms
⏱️ [hitch] main thread busy for 43ms
⏱️ [hitch] main thread busy for 42ms
⏱️ [hitch] main thread busy for 55ms
⏱️ [hitch] main thread busy for 40ms
⏱️ [hitch] main thread busy for 42ms
⏱️ [hitch] main thread busy for 47ms
⏱️ [hitch] main thread busy for 40ms
⏱️ [hitch] main thread busy for 41ms
⏱️ [hitch] main thread busy for 55ms
⏱️ [hitch] main thread busy for 48ms
⏱️ [hitch] main thread busy for 40ms
⏱️ [hitch] main thread busy for 45ms
⏱️ [hitch] main thread busy for 45ms
⏱️ [hitch] main thread busy for 44ms
⏱️ [hitch] main thread busy for 43ms
⏱️ [hitch] main thread busy for 42ms
⏱️ [hitch] main thread busy for 45ms
⏱️ [hitch] main thread busy for 59ms
⏱️ [hitch] main thread busy for 47ms
⏱️ [hitch] main thread busy for 43ms
⏱️ [hitch] main thread busy for 42ms
⏱️ [hitch] main thread busy for 49ms
⏱️ [hitch] main thread busy for 45ms
⏱️ [hitch] main thread busy for 41ms
⏱️ [hitch] main thread busy for 41ms
⏱️ [hitch] main thread busy for 47ms
⏱️ [hitch] main thread busy for 46ms
⏱️ [hitch] main thread busy for 48ms
⏱️ [hitch] main thread busy for 41ms
⏱️ [hitch] main thread busy for 45ms
⏱️ [hitch] main thread busy for 41ms
⏱️ [hitch] main thread busy for 54ms
⏱️ [hitch] main thread busy for 42ms
⏱️ [hitch] main thread busy for 44ms
⏱️ [hitch] main thread busy for 44ms
⏱️ [hitch] main thread busy for 45ms
⏱️ [hitch] main thread busy for 44ms
⏱️ [hitch] main thread busy for 42ms
⏱️ [hitch] main thread busy for 41ms
⏱️ [hitch] main thread busy for 45ms
⏱️ [hitch] main thread busy for 43ms
⏱️ [hitch] main thread busy for 40ms
⏱️ [hitch] main thread busy for 42ms
⏱️ [hitch] main thread busy for 43ms
⏱️ [hitch] main thread busy for 48ms
⏱️ [hitch] main thread busy for 40ms
⏱️ [hitch] main thread busy for 45ms
⏱️ [hitch] main thread busy for 41ms
⏱️ [hitch] main thread busy for 41ms
⏱️ [hitch] main thread busy for 41ms
⏱️ [hitch] main thread busy for 56ms
⏱️ [hitch] main thread busy for 42ms
⏱️ [hitch] main thread busy for 44ms
⏱️ [hitch] main thread busy for 50ms
⏱️ [hitch] main thread busy for 46ms
⏱️ [hitch] main thread busy for 55ms
⏱️ [hitch] main thread busy for 42ms
⏱️ [hitch] main thread busy for 41ms
⏱️ [hitch] main thread busy for 41ms
⏱️ [hitch] main thread busy for 49ms
⏱️ [hitch] main thread busy for 46ms
⏱️ [hitch] main thread busy for 42ms
⏱️ [hitch] main thread busy for 49ms
⏱️ [hitch] main thread busy for 54ms
⏱️ [hitch] main thread busy for 41ms
⏱️ [hitch] main thread busy for 50ms
⏱️ [hitch] main thread busy for 46ms
⏱️ [hitch] main thread busy for 44ms
⏱️ [hitch] main thread busy for 43ms
⏱️ [hitch] main thread busy for 43ms
⏱️ [hitch] main thread busy for 40ms
⏱️ [hitch] main thread busy for 45ms
⏱️ [hitch] main thread busy for 44ms
⏱️ [hitch] main thread busy for 45ms
⏱️ [hitch] main thread busy for 47ms
⏱️ [hitch] main thread busy for 47ms
⏱️ [hitch] main thread busy for 44ms
⏱️ [hitch] main thread busy for 46ms
⏱️ [hitch] main thread busy for 53ms
⏱️ [hitch] main thread busy for 42ms
⏱️ [hitch] main thread busy for 44ms
⏱️ [hitch] main thread busy for 45ms
⏱️ [hitch] main thread busy for 44ms
⏱️ [hitch] main thread busy for 53ms
⏱️ [hitch] main thread busy for 52ms
⏱️ [hitch] main thread busy for 41ms
⏱️ [hitch] main thread busy for 43ms
⏱️ [hitch] main thread busy for 43ms
⏱️ [hitch] main thread busy for 41ms
⏱️ [hitch] main thread busy for 50ms
⏱️ [hitch] main thread busy for 44ms
⏱️ [hitch] main thread busy for 54ms
⏱️ [hitch] main thread busy for 49ms
⏱️ [hitch] main thread busy for 55ms
⏱️ [hitch] main thread busy for 41ms
⏱️ [hitch] main thread busy for 44ms
⏱️ [hitch] main thread busy for 52ms
⏱️ [hitch] main thread busy for 43ms
⏱️ [hitch] main thread busy for 43ms
⏱️ [hitch] main thread busy for 43ms
⏱️ [hitch] main thread busy for 41ms
⏱️ [hitch] main thread busy for 43ms
⏱️ [hitch] main thread busy for 47ms
⏱️ [hitch] main thread busy for 41ms
⏱️ [hitch] main thread busy for 47ms
⏱️ [hitch] main thread busy for 44ms
⏱️ [hitch] main thread busy for 52ms
⏱️ [hitch] main thread busy for 42ms
⏱️ [hitch] main thread busy for 44ms
⏱️ [hitch] main thread busy for 45ms
⏱️ [hitch] main thread busy for 57ms
⏱️ [hitch] main thread busy for 40ms
⏱️ [hitch] main thread busy for 41ms
⏱️ [hitch] main thread busy for 54ms
⏱️ [hitch] main thread busy for 56ms
⏱️ [hitch] main thread busy for 41ms
⏱️ [hitch] main thread busy for 43ms
⏱️ [hitch] main thread busy for 44ms
⏱️ [hitch] main thread busy for 45ms
⏱️ [hitch] main thread busy for 41ms
⏱️ [hitch] main thread busy for 49ms
⏱️ [hitch] main thread busy for 44ms
⏱️ [hitch] main thread busy for 42ms
⏱️ [hitch] main thread busy for 41ms
⏱️ [hitch] main thread busy for 48ms
⏱️ [hitch] main thread busy for 44ms
⏱️ [hitch] main thread busy for 52ms
⏱️ [hitch] main thread busy for 53ms
⏱️ [hitch] main thread busy for 46ms
⏱️ [hitch] main thread busy for 43ms
⏱️ [hitch] main thread busy for 44ms
⏱️ [hitch] main thread busy for 46ms
⏱️ [hitch] main thread busy for 40ms
⏱️ [hitch] main thread busy for 49ms
⏱️ [hitch] main thread busy for 51ms
⏱️ [hitch] main thread busy for 46ms
⏱️ [hitch] main thread busy for 48ms
⏱️ [hitch] main thread busy for 44ms
⏱️ [hitch] main thread busy for 43ms
⏱️ [hitch] main thread busy for 42ms
⏱️ [hitch] main thread busy for 43ms
⏱️ [hitch] main thread busy for 43ms
⏱️ [hitch] main thread busy for 50ms
⏱️ [hitch] main thread busy for 52ms
⏱️ [hitch] main thread busy for 43ms
⏱️ [hitch] main thread busy for 45ms
⏱️ [hitch] main thread busy for 49ms
⏱️ [hitch] main thread busy for 44ms
