🎙️ Transcription: using Bailian Realtime ASR
🎯 Clicky: Starting...
🎯 Clicky: Version 1.0
🔑 Permissions — accessibility: true, screen: true, mic: true, screenContent: false
🔑 Clicky start — accessibility: true, screen: true, mic: true, screenContent: true, onboarded: true
💬 Clicky: restored 10 exchanges from session 「你看一下当前页面在搞什么事情。」
⏱️ [hitch] main thread busy for 46ms
⏱️ [hitch] main thread busy for 43ms
⏱️ [hitch] main thread busy for 45ms
⏱️ [hitch] main thread busy for 47ms
⏱️ [hitch] main thread busy for 42ms
⏱️ [hitch] main thread busy for 50ms
⏱️ [hitch] main thread busy for 44ms
⏱️ [hitch] main thread busy for 45ms
⏱️ [hitch] main thread busy for 50ms
⏱️ [hitch] main thread busy for 331ms
⏱️ [hitch] main thread busy for 42ms
⏱️ [hitch] main thread busy for 45ms
⏱️ [hitch] main thread busy for 52ms
⏱️ [hitch] main thread busy for 42ms
⏱️ [hitch] main thread busy for 274ms
⏱️ [hitch] main thread busy for 98ms
🔊 [aecprobe] t=1790250893.078 event=vpToggleBefore device="MacBook Pro麦克风" node=48000Hz/1ch vpEnabled=false agc=false
⏱️ [hitch] main thread busy for 209ms
🔊 [aecprobe] t=1790250894.603 event=vpToggleAfter device="MacBook Pro麦克风" node=48000Hz/3ch vpEnabled=true agc=false
🔊 VoicePlaybackEngine: engine started (time-pitch node → mixer, echo cancellation requested, **实测 voiceProcessing=true AGC=false**, mixer 48000 Hz / input 48000 Hz 3 ch)
🔊 [aecprobe] t=1790250894.871 event=bringUp isRunning=true device="MacBook Pro麦克风" node=48000Hz/3ch vpEnabled=true agc=false
🔥 语音聊天：音频引擎已预热
⏱️ [hitch] main thread busy for 53ms
⏱️ [hitch] main thread busy for 43ms
🔥 语音聊天：音频引擎已预热
⏱️ [hitch] main thread busy for 43ms
🔥 语音聊天：音频引擎已预热
⏱️ [hitch] main thread busy for 97ms
⏱️ [hitch] main thread busy for 41ms
🔥 语音聊天：音频引擎已预热
⏱️ [hitch] main thread busy for 96ms
🔥 语音聊天：音频引擎已预热
⏱️ [hitch] main thread busy for 96ms
🔥 语音聊天：音频引擎已预热
⏱️ [hitch] main thread busy for 86ms
🔥 语音聊天：音频引擎已预热
⏱️ [hitch] main thread busy for 87ms
🔥 语音聊天：音频引擎已预热
⏱️ [hitch] main thread busy for 112ms
🔥 语音聊天：音频引擎已预热
⏱️ [hitch] main thread busy for 93ms
🔥 语音聊天：音频引擎已预热
⏱️ [hitch] main thread busy for 96ms
🔥 语音聊天：音频引擎已预热
⏱️ [hitch] main thread busy for 92ms
🔥 语音聊天：音频引擎已预热
⏱️ [hitch] main thread busy for 103ms
🔥 语音聊天：音频引擎已预热
⏱️ [hitch] main thread busy for 96ms
🔥 语音聊天：音频引擎已预热
⏱️ [hitch] main thread busy for 74ms
⏱️ [hitch] main thread busy for 49ms
⏱️ [hitch] main thread busy for 49ms
🔥 语音聊天：音频引擎已预热
⏱️ [hitch] main thread busy for 108ms
🔥 语音聊天：音频引擎已预热
⏱️ [hitch] main thread busy for 89ms
🔥 语音聊天：音频引擎已预热
⏱️ [hitch] main thread busy for 78ms
🔥 语音聊天：音频引擎已预热
⏱️ [hitch] main thread busy for 124ms
⏱️ [hitch] main thread busy for 72ms
🔥 语音聊天：音频引擎已预热
⏱️ [hitch] main thread busy for 105ms
⏱️ [hitch] main thread busy for 44ms
⏱️ [hitch] main thread busy for 42ms
🔥 语音聊天：音频引擎已预热
⏱️ [hitch] main thread busy for 105ms
⏱️ [hitch] main thread busy for 55ms
⏱️ [hitch] main thread busy for 42ms
⏱️ [hitch] main thread busy for 42ms
⏱️ [hitch] main thread busy for 43ms
⏱️ [hitch] main thread busy for 244ms
⏱️ [hitch] main thread busy for 108ms
⏱️ [hitch] main thread busy for 43ms
🔥 语音聊天：音频引擎已预热
⏱️ [hitch] main thread busy for 99ms
⏱️ [hitch] main thread busy for 45ms
🔥 语音聊天：音频引擎已预热
⏱️ [hitch] main thread busy for 131ms
⏱️ [hitch] main thread busy for 41ms
⏱️ [hitch] main thread busy for 45ms
⏱️ [hitch] main thread busy for 48ms
🔥 语音聊天：音频引擎已预热
⏱️ [hitch] main thread busy for 97ms
⏱️ [hitch] main thread busy for 44ms
⏱️ [hitch] main thread busy for 42ms
⏱️ [hitch] main thread busy for 44ms
🔥 语音聊天：音频引擎已预热
⏱️ [hitch] main thread busy for 91ms
🔥 语音聊天：音频引擎已预热
⏱️ [hitch] main thread busy for 87ms
🔥 语音聊天：音频引擎已预热
⏱️ [hitch] main thread busy for 90ms
🔥 语音聊天：音频引擎已预热
⏱️ [hitch] main thread busy for 82ms
⏱️ [hitch] main thread busy for 45ms
🔥 语音聊天：音频引擎已预热
⏱️ [hitch] main thread busy for 90ms
🔥 语音聊天：音频引擎已预热
⏱️ [hitch] main thread busy for 81ms
🔥 语音聊天：音频引擎已预热
⏱️ [hitch] main thread busy for 96ms
🔥 语音聊天：音频引擎已预热
⏱️ [hitch] main thread busy for 82ms
⏱️ [hitch] main thread busy for 45ms
🔥 语音聊天：音频引擎已预热
⏱️ [hitch] main thread busy for 87ms
🔥 语音聊天：音频引擎已预热
⏱️ [hitch] main thread busy for 46ms
🔥 语音聊天：音频引擎已预热
🔥 语音聊天：音频引擎已预热
⏱️ [hitch] main thread busy for 84ms
🔥 语音聊天：音频引擎已预热
⏱️ [hitch] main thread busy for 41ms
⏱️ [hitch] main thread busy for 51ms
🔥 语音聊天：音频引擎已预热
⏱️ [hitch] main thread busy for 49ms
🔥 语音聊天：音频引擎已预热
⏱️ [hitch] main thread busy for 95ms
⏱️ [hitch] main thread busy for 41ms
🔥 语音聊天：音频引擎已预热
⏱️ [hitch] main thread busy for 80ms
🔥 语音聊天：音频引擎已预热
⏱️ [hitch] main thread busy for 49ms
🔥 语音聊天：音频引擎已预热
⏱️ [hitch] main thread busy for 50ms
⏱️ [hitch] main thread busy for 51ms
⏱️ [hitch] main thread busy for 43ms
⏱️ [hitch] main thread busy for 45ms
⏱️ [hitch] main thread busy for 41ms
⏱️ [hitch] main thread busy for 51ms
⏱️ [hitch] main thread busy for 43ms
⏱️ [hitch] main thread busy for 51ms
⏱️ [hitch] main thread busy for 47ms
⏱️ [hitch] main thread busy for 51ms
⏱️ [hitch] main thread busy for 42ms
⏱️ [hitch] main thread busy for 42ms
⏱️ [hitch] main thread busy for 46ms
⏱️ [hitch] main thread busy for 41ms
⏱️ [hitch] main thread busy for 42ms
⏱️ [hitch] main thread busy for 42ms
⏱️ [hitch] main thread busy for 44ms
⏱️ [hitch] main thread busy for 42ms
⏱️ [hitch] main thread busy for 49ms
⏱️ [hitch] main thread busy for 47ms
⏱️ [hitch] main thread busy for 46ms
⏱️ [hitch] main thread busy for 51ms
⏱️ [hitch] main thread busy for 54ms
⏱️ [hitch] main thread busy for 43ms
⏱️ [hitch] main thread busy for 46ms
⏱️ [hitch] main thread busy for 47ms
⏱️ [hitch] main thread busy for 47ms
⏱️ [hitch] main thread busy for 43ms
🔊 CompanionManager: 3 分钟没有活动，释放音频引擎
🔊 VoicePlaybackEngine: engine released — voice processing off, nothing else is ducked
⏱️ [hitch] main thread busy for 370ms
⏱️ [hitch] main thread busy for 296ms
⏱️ [hitch] main thread busy for 43ms
⏱️ [hitch] main thread busy for 47ms
⏱️ [hitch] main thread busy for 44ms
⏱️ [hitch] main thread busy for 49ms
⏱️ [hitch] main thread busy for 45ms
⏱️ [hitch] main thread busy for 45ms
⏱️ [hitch] main thread busy for 53ms
⏱️ [hitch] main thread busy for 45ms
⏱️ [hitch] main thread busy for 43ms
⏱️ [hitch] main thread busy for 47ms
⏱️ [hitch] main thread busy for 40ms
⏱️ [hitch] main thread busy for 45ms
⏱️ [hitch] main thread busy for 47ms
⏱️ [hitch] main thread busy for 42ms
⏱️ [hitch] main thread busy for 41ms
⏱️ [hitch] main thread busy for 44ms
⏱️ [hitch] main thread busy for 45ms
⏱️ [hitch] main thread busy for 48ms
⏱️ [hitch] main thread busy for 41ms
⏱️ [hitch] main thread busy for 49ms
⏱️ [hitch] main thread busy for 45ms
⏱️ [hitch] main thread busy for 45ms
⏱️ [hitch] main thread busy for 49ms
⏱️ [hitch] main thread busy for 42ms
⏱️ [hitch] main thread busy for 46ms
⏱️ [hitch] main thread busy for 41ms
⏱️ [hitch] main thread busy for 46ms
⏱️ [hitch] main thread busy for 43ms
⏱️ [hitch] main thread busy for 41ms
⏱️ [hitch] main thread busy for 41ms
⏱️ [hitch] main thread busy for 43ms
⏱️ [hitch] main thread busy for 53ms
⏱️ [hitch] main thread busy for 46ms
⏱️ [hitch] main thread busy for 43ms
⏱️ [hitch] main thread busy for 47ms
⏱️ [hitch] main thread busy for 45ms
