🎙️ Transcription: using Bailian Realtime ASR
🎯 Clicky: Starting...
🎯 Clicky: Version 1.0
🔑 Permissions — accessibility: true, screen: true, mic: true, screenContent: false
🔑 Clicky start — accessibility: true, screen: true, mic: true, screenContent: true, onboarded: true
💬 Clicky: restored 10 exchanges from session 「你看一下当前页面在搞什么事情。」
⏱️ [hitch] main thread busy for 40ms
⏱️ [hitch] main thread busy for 40ms
⏱️ [hitch] main thread busy for 255ms
⏱️ [hitch] main thread busy for 157ms
⏱️ [hitch] main thread busy for 40ms
⏱️ [hitch] main thread busy for 77ms
⏱️ [hitch] main thread busy for 97ms
⏱️ [hitch] main thread busy for 45ms
🔊 [aecprobe] t=1790237786.316 event=vpToggleBefore device="MacBook Pro麦克风" node=48000Hz/1ch vpEnabled=false agc=false
🔊 [aecprobe] t=1790237787.830 event=vpToggleAfter device="MacBook Pro麦克风" node=48000Hz/3ch vpEnabled=true agc=false
🔊 VoicePlaybackEngine: engine started (time-pitch node → mixer, echo cancellation requested, **实测 voiceProcessing=true AGC=false**, mixer 48000 Hz / input 48000 Hz 3 ch)
🔊 [aecprobe] t=1790237788.108 event=bringUp isRunning=true device="MacBook Pro麦克风" node=48000Hz/3ch vpEnabled=true agc=false
⏱️ [hitch] main thread busy for 60ms
2026-09-24 16:16:31.656 Clicky[21781:8549055] TSM AdjustCapsLockLEDForKeyTransitionHandling - _ISSetPhysicalKeyboardCapsLockLED Inhibit
2026-09-24 16:16:31.665 Clicky[21781:8549055] error messaging the mach port for IMKCFRunLoopWakeUpReliable
⏱️ [hitch] main thread busy for 63ms
⏱️ [hitch] main thread busy for 45ms
⏱️ [hitch] main thread busy for 52ms
⏱️ [hitch] main thread busy for 69ms
⏱️ [hitch] main thread busy for 57ms
⏱️ [hitch] main thread busy for 65ms
⏱️ [hitch] main thread busy for 58ms
⏱️ [hitch] main thread busy for 45ms
⏱️ [hitch] main thread busy for 42ms
⏱️ [hitch] main thread busy for 58ms
⏱️ [hitch] main thread busy for 40ms
⏱️ [hitch] main thread busy for 60ms
⏱️ [hitch] main thread busy for 53ms
⏱️ [hitch] main thread busy for 57ms
⏱️ [hitch] main thread busy for 65ms
⏱️ [hitch] main thread busy for 47ms
⏱️ [hitch] main thread busy for 59ms
⏱️ [hitch] main thread busy for 48ms
⏱️ [hitch] main thread busy for 57ms
⏱️ [hitch] main thread busy for 51ms
⏱️ [hitch] main thread busy for 42ms
⏱️ [hitch] main thread busy for 47ms
⏱️ [hitch] main thread busy for 195ms
⏱️ [hitch] main thread busy for 105ms
⏱️ [hitch] main thread busy for 96ms
⏱️ [hitch] main thread busy for 50ms
⏱️ [hitch] main thread busy for 44ms
⏱️ [hitch] main thread busy for 55ms
⏱️ [hitch] main thread busy for 50ms
⏱️ [hitch] main thread busy for 43ms
⏱️ [hitch] main thread busy for 41ms
⏱️ [hitch] main thread busy for 54ms
⏱️ [hitch] main thread busy for 46ms
⏱️ [hitch] main thread busy for 48ms
⏱️ [hitch] main thread busy for 44ms
⏱️ [hitch] main thread busy for 49ms
⏱️ [hitch] main thread busy for 45ms
⏱️ [hitch] main thread busy for 49ms
⏱️ [hitch] main thread busy for 41ms
⏱️ [hitch] main thread busy for 45ms
⏱️ [hitch] main thread busy for 53ms
⏱️ [hitch] main thread busy for 45ms
⏱️ [hitch] main thread busy for 40ms
⏱️ [hitch] main thread busy for 51ms
⏱️ [hitch] main thread busy for 47ms
⏱️ [hitch] main thread busy for 57ms
⏱️ [hitch] main thread busy for 47ms
⏱️ [hitch] main thread busy for 50ms
⏱️ [hitch] main thread busy for 43ms
⏱️ [hitch] main thread busy for 41ms
⏱️ [hitch] main thread busy for 42ms
⏱️ [hitch] main thread busy for 50ms
⏱️ [hitch] main thread busy for 51ms
⏱️ [hitch] main thread busy for 46ms
⏱️ [hitch] main thread busy for 44ms
⏱️ [hitch] main thread busy for 43ms
⏱️ [hitch] main thread busy for 42ms
⏱️ [hitch] main thread busy for 45ms
⏱️ [hitch] main thread busy for 41ms
⏱️ [hitch] main thread busy for 43ms
⏱️ [hitch] main thread busy for 48ms
⏱️ [hitch] main thread busy for 51ms
⏱️ [hitch] main thread busy for 48ms
⏱️ [hitch] main thread busy for 46ms
⏱️ [hitch] main thread busy for 50ms
⏱️ [hitch] main thread busy for 46ms
⏱️ [hitch] main thread busy for 46ms
⏱️ [hitch] main thread busy for 50ms
⏱️ [hitch] main thread busy for 46ms
⏱️ [hitch] main thread busy for 56ms
⏱️ [hitch] main thread busy for 52ms
⏱️ [hitch] main thread busy for 48ms
⏱️ [hitch] main thread busy for 42ms
⏱️ [hitch] main thread busy for 52ms
⏱️ [hitch] main thread busy for 40ms
⏱️ [hitch] main thread busy for 46ms
⏱️ [hitch] main thread busy for 40ms
⏱️ [hitch] main thread busy for 48ms
⏱️ [hitch] main thread busy for 49ms
⏱️ [hitch] main thread busy for 41ms
⏱️ [hitch] main thread busy for 47ms
⏱️ [hitch] main thread busy for 50ms
⏱️ [hitch] main thread busy for 44ms
⏱️ [hitch] main thread busy for 41ms
⏱️ [hitch] main thread busy for 47ms
⏱️ [hitch] main thread busy for 44ms
⏱️ [hitch] main thread busy for 52ms
⏱️ [hitch] main thread busy for 46ms
⏱️ [hitch] main thread busy for 54ms
⏱️ [hitch] main thread busy for 43ms
⏱️ [hitch] main thread busy for 52ms
⏱️ [hitch] main thread busy for 56ms
⏱️ [hitch] main thread busy for 59ms
⏱️ [hitch] main thread busy for 48ms
⏱️ [hitch] main thread busy for 46ms
⏱️ [hitch] main thread busy for 48ms
⏱️ [hitch] main thread busy for 56ms
⏱️ [hitch] main thread busy for 44ms
⏱️ [hitch] main thread busy for 40ms
⏱️ [hitch] main thread busy for 56ms
⏱️ [hitch] main thread busy for 54ms
⏱️ [hitch] main thread busy for 70ms
⏱️ [hitch] main thread busy for 42ms
⏱️ [hitch] main thread busy for 46ms
⏱️ [hitch] main thread busy for 52ms
⏱️ [hitch] main thread busy for 62ms
⏱️ [hitch] main thread busy for 62ms
⏱️ [hitch] main thread busy for 47ms
⏱️ [hitch] main thread busy for 46ms
⏱️ [hitch] main thread busy for 44ms
⏱️ [hitch] main thread busy for 52ms
⏱️ [hitch] main thread busy for 40ms
⏱️ [hitch] main thread busy for 52ms
⏱️ [hitch] main thread busy for 47ms
⏱️ [hitch] main thread busy for 57ms
⏱️ [hitch] main thread busy for 47ms
⏱️ [hitch] main thread busy for 40ms
⏱️ [hitch] main thread busy for 52ms
⏱️ [hitch] main thread busy for 45ms
⏱️ [hitch] main thread busy for 48ms
⏱️ [hitch] main thread busy for 44ms
⏱️ [hitch] main thread busy for 57ms
⏱️ [hitch] main thread busy for 66ms
⏱️ [hitch] main thread busy for 58ms
⏱️ [hitch] main thread busy for 45ms
⏱️ [hitch] main thread busy for 55ms
⏱️ [hitch] main thread busy for 54ms
⏱️ [hitch] main thread busy for 53ms
⏱️ [hitch] main thread busy for 56ms
⏱️ [hitch] main thread busy for 44ms
⏱️ [hitch] main thread busy for 62ms
⏱️ [hitch] main thread busy for 66ms
⏱️ [hitch] main thread busy for 48ms
⏱️ [hitch] main thread busy for 43ms
⏱️ [hitch] main thread busy for 43ms
⏱️ [hitch] main thread busy for 42ms
⏱️ [hitch] main thread busy for 45ms
⏱️ [hitch] main thread busy for 57ms
⏱️ [hitch] main thread busy for 48ms
⏱️ [hitch] main thread busy for 48ms
⏱️ [hitch] main thread busy for 43ms
⏱️ [hitch] main thread busy for 41ms
⏱️ [hitch] main thread busy for 55ms
⏱️ [hitch] main thread busy for 46ms
⏱️ [hitch] main thread busy for 45ms
⏱️ [hitch] main thread busy for 55ms
⏱️ [hitch] main thread busy for 40ms
⏱️ [hitch] main thread busy for 41ms
⏱️ [hitch] main thread busy for 48ms
⏱️ [hitch] main thread busy for 57ms
⏱️ [hitch] main thread busy for 48ms
⏱️ [hitch] main thread busy for 51ms
⏱️ [hitch] main thread busy for 56ms
⏱️ [hitch] main thread busy for 68ms
⏱️ [hitch] main thread busy for 57ms
⏱️ [hitch] main thread busy for 50ms
⏱️ [hitch] main thread busy for 41ms
⏱️ [hitch] main thread busy for 49ms
⏱️ [hitch] main thread busy for 49ms
⏱️ [hitch] main thread busy for 41ms
⏱️ [hitch] main thread busy for 43ms
⏱️ [hitch] main thread busy for 40ms
⏱️ [hitch] main thread busy for 42ms
⏱️ [hitch] main thread busy for 42ms
⏱️ [hitch] main thread busy for 43ms
⏱️ [hitch] main thread busy for 49ms
⏱️ [hitch] main thread busy for 47ms
⏱️ [hitch] main thread busy for 46ms
⏱️ [hitch] main thread busy for 48ms
⏱️ [hitch] main thread busy for 44ms
⏱️ [hitch] main thread busy for 41ms
⏱️ [hitch] main thread busy for 54ms
⏱️ [hitch] main thread busy for 40ms
