🎙️ Transcription: using Bailian Realtime ASR
🎯 Clicky: Starting...
🎯 Clicky: Version 1.0
🔑 Permissions — accessibility: true, screen: true, mic: true, screenContent: false
🔑 Clicky start — accessibility: true, screen: true, mic: true, screenContent: true, onboarded: true
💬 Clicky: restored 10 exchanges from session 「你看一下当前页面在搞什么事情。」
⏱️ [hitch] main thread busy for 241ms
⏱️ [hitch] main thread busy for 66ms
⏱️ [hitch] main thread busy for 43ms
🎙️ BuddyDictationManager: continuous listening requested
⏱️ [hitch] main thread busy for 62ms
🎙️ VoicePlaybackEngine: the listening tap will go on the playback engine (one engine for capture and playback — the reference's rule, 坑 1)
🔊 VoicePlaybackEngine: engine started (time-pitch node → mixer, echo cancellation ON (voice processing, ducking .min, AGC off), mixer 48000 Hz / input 48000 Hz 3 ch)
🎙️ BuddyDictationManager: listening tap installed on the shared TTS engine
🎙️ BuddyDictationManager: continuous listening started
🔊 VoicePlaybackEngine: the audio configuration changed and the engine stopped itself (voice processing toggles do this on purpose) — it will be rebuilt before the next chunk
🖥️ 语音聊天：屏幕预览流已开启（640×413 @ 2fps）
📷 [camera] 授权 13ms
📷 [camera] 选中设备「FaceTime高清相机」 type=AVCaptureDeviceTypeBuiltInWideAngleCamera
⏱️ [hitch] main thread busy for 374ms
📷 [camera] startRunning 943ms（总 1316ms）
📷 语音聊天：摄像头已开启（FaceTime高清相机，比例 1.78）
💬 语音聊天：会话已开始（角色「默认角色」，模式 三段式）
🎙️ BuddyDictationManager: continuous listening ended
📷 语音聊天：摄像头已关闭
🖥️ 语音聊天：屏幕预览流已关闭
💬 语音聊天：会话已结束
⏱️ [hitch] main thread busy for 79ms
⏱️ [hitch] main thread busy for 42ms
⏱️ [hitch] main thread busy for 42ms
⏱️ [hitch] main thread busy for 54ms
⏱️ [hitch] main thread busy for 52ms
⏱️ [hitch] main thread busy for 82ms
⏱️ [hitch] main thread busy for 47ms
🎙️ BuddyDictationManager: continuous listening requested
🎙️ VoicePlaybackEngine: the listening tap will go on the playback engine (one engine for capture and playback — the reference's rule, 坑 1)
⏱️ [hitch] main thread busy for 62ms
🔊 VoicePlaybackEngine: engine started (time-pitch node → mixer, echo cancellation ON (voice processing, ducking .min, AGC off), mixer 48000 Hz / input 48000 Hz 3 ch)
🎙️ BuddyDictationManager: listening tap installed on the shared TTS engine
🎙️ BuddyDictationManager: continuous listening started
🖥️ 语音聊天：屏幕预览流已开启（640×413 @ 2fps）
📷 [camera] 授权 13ms
📷 [camera] 选中设备「FaceTime高清相机」 type=AVCaptureDeviceTypeBuiltInWideAngleCamera
🎙️ BuddyDictationManager: continuous listening detected speech (mic level, recent mic peak 0.634, transcript: "")
🔇 SystemSpeakerMuteCoordinator: system speakers were already muted before recording — recording proceeds, nothing to change
⏱️ [listen] silence began — the 2.0s auto-send countdown starts now
📷 [camera] startRunning 1302ms（总 1332ms）
📷 语音聊天：摄像头已开启（FaceTime高清相机，比例 1.78）
💬 语音聊天：会话已开始（角色「默认角色」，模式 三段式）
⏱️ [listen] silence began — the 2.0s auto-send countdown starts now
⏱️ [listen] silence began — the 2.0s auto-send countdown starts now
⏱️ [listen] silence began — the 2.0s auto-send countdown starts now
⏱️ [listen] silence began — the 2.0s auto-send countdown starts now
🎙️ BuddyDictationManager: continuous listening ended
📷 语音聊天：摄像头已关闭
🖥️ 语音聊天：屏幕预览流已关闭
💬 语音聊天：会话已结束
⏱️ [hitch] main thread busy for 49ms
🔊 SystemSpeakerMuteCoordinator: system speakers RESTORED after recording
⏱️ [hitch] main thread busy for 92ms
🎙️ BuddyDictationManager: continuous listening requested
⏱️ [hitch] main thread busy for 45ms
🎙️ VoicePlaybackEngine: the listening tap will go on the playback engine (one engine for capture and playback — the reference's rule, 坑 1)
🎙️ BuddyDictationManager: listening tap installed on the shared TTS engine
🎙️ BuddyDictationManager: continuous listening started
🖥️ 语音聊天：屏幕预览流已开启（640×413 @ 2fps）
📷 [camera] 授权 13ms
📷 [camera] 选中设备「FaceTime高清相机」 type=AVCaptureDeviceTypeBuiltInWideAngleCamera
📷 [camera] startRunning 1292ms（总 1321ms）
📷 语音聊天：摄像头已开启（FaceTime高清相机，比例 1.78）
💬 语音聊天：会话已开始（角色「默认角色」，模式 三段式）
🎙️ BuddyDictationManager: continuous listening detected speech (mic level, recent mic peak 1.000, transcript: "嗯。")
🔇 SystemSpeakerMuteCoordinator: system speakers were already muted before recording — recording proceeds, nothing to change
🎙️ BuddyDictationManager: continuous listening ended
📷 语音聊天：摄像头已关闭
🖥️ 语音聊天：屏幕预览流已关闭
💬 语音聊天：会话已结束
🔊 SystemSpeakerMuteCoordinator: system speakers RESTORED after recording
⏱️ [hitch] main thread busy for 55ms
⏱️ [hitch] main thread busy for 50ms
⏱️ [hitch] main thread busy for 41ms
⏱️ [hitch] main thread busy for 115ms
⏱️ [hitch] main thread busy for 42ms
⏱️ [hitch] main thread busy for 49ms
⏱️ [hitch] main thread busy for 41ms
⏱️ [hitch] main thread busy for 65ms
🎙️ BuddyDictationManager: continuous listening requested
🎙️ VoicePlaybackEngine: the listening tap will go on the playback engine (one engine for capture and playback — the reference's rule, 坑 1)
⏱️ [hitch] main thread busy for 52ms
🎙️ BuddyDictationManager: listening tap installed on the shared TTS engine
🎙️ BuddyDictationManager: continuous listening started
🖥️ 语音聊天：屏幕预览流已开启（640×413 @ 2fps）
📷 [camera] 授权 20ms
📷 [camera] 选中设备「FaceTime高清相机」 type=AVCaptureDeviceTypeBuiltInWideAngleCamera
📷 [camera] startRunning 1279ms（总 1314ms）
📷 语音聊天：摄像头已开启（FaceTime高清相机，比例 1.78）
💬 语音聊天：会话已开始（角色「默认角色」，模式 三段式）
🎙️ BuddyDictationManager: continuous listening detected speech (mic level, recent mic peak 1.000, transcript: "嗯。")
🔇 SystemSpeakerMuteCoordinator: system speakers were already muted before recording — recording proceeds, nothing to change
🎙️ BuddyDictationManager: continuous listening ended
📷 语音聊天：摄像头已关闭
🖥️ 语音聊天：屏幕预览流已关闭
💬 语音聊天：会话已结束
🔊 SystemSpeakerMuteCoordinator: system speakers RESTORED after recording
⏱️ [hitch] main thread busy for 53ms
⏱️ [hitch] main thread busy for 49ms
⏱️ [hitch] main thread busy for 45ms
⏱️ [hitch] main thread busy for 42ms
⏱️ [hitch] main thread busy for 50ms
⏱️ [hitch] main thread busy for 52ms
⏱️ [hitch] main thread busy for 48ms
⏱️ [hitch] main thread busy for 41ms
⏱️ [hitch] main thread busy for 46ms
⏱️ [hitch] main thread busy for 54ms
⏱️ [hitch] main thread busy for 56ms
⏱️ [hitch] main thread busy for 91ms
⏱️ [hitch] main thread busy for 42ms
⏱️ [hitch] main thread busy for 41ms
⏱️ [hitch] main thread busy for 41ms
⏱️ [hitch] main thread busy for 49ms
⏱️ [hitch] main thread busy for 109ms
⏱️ [hitch] main thread busy for 44ms
⏱️ [hitch] main thread busy for 51ms
⏱️ [hitch] main thread busy for 45ms
⏱️ [hitch] main thread busy for 49ms
⏱️ [hitch] main thread busy for 50ms
⏱️ [hitch] main thread busy for 42ms
⏱️ [hitch] main thread busy for 41ms
⏱️ [hitch] main thread busy for 55ms
⏱️ [hitch] main thread busy for 43ms
⏱️ [hitch] main thread busy for 48ms
⏱️ [hitch] main thread busy for 49ms
⏱️ [hitch] main thread busy for 45ms
⏱️ [hitch] main thread busy for 42ms
⏱️ [hitch] main thread busy for 46ms
⏱️ [hitch] main thread busy for 44ms
⏱️ [hitch] main thread busy for 53ms
⏱️ [hitch] main thread busy for 47ms
⏱️ [hitch] main thread busy for 40ms
⏱️ [hitch] main thread busy for 52ms
⏱️ [hitch] main thread busy for 43ms
⏱️ [hitch] main thread busy for 40ms
⏱️ [hitch] main thread busy for 43ms
⏱️ [hitch] main thread busy for 42ms
⏱️ [hitch] main thread busy for 50ms
⏱️ [hitch] main thread busy for 46ms
⏱️ [hitch] main thread busy for 40ms
⏱️ [hitch] main thread busy for 55ms
⏱️ [hitch] main thread busy for 40ms
⏱️ [hitch] main thread busy for 46ms
⏱️ [hitch] main thread busy for 41ms
⏱️ [hitch] main thread busy for 47ms
⏱️ [hitch] main thread busy for 42ms
⏱️ [hitch] main thread busy for 44ms
⏱️ [hitch] main thread busy for 51ms
⏱️ [hitch] main thread busy for 52ms
⏱️ [hitch] main thread busy for 46ms
⏱️ [hitch] main thread busy for 41ms
⏱️ [hitch] main thread busy for 44ms
⏱️ [hitch] main thread busy for 49ms
⏱️ [hitch] main thread busy for 48ms
⏱️ [hitch] main thread busy for 48ms
⏱️ [hitch] main thread busy for 51ms
⏱️ [hitch] main thread busy for 52ms
⏱️ [hitch] main thread busy for 41ms
⏱️ [hitch] main thread busy for 43ms
⏱️ [hitch] main thread busy for 57ms
⏱️ [hitch] main thread busy for 46ms
⏱️ [hitch] main thread busy for 41ms
⏱️ [hitch] main thread busy for 43ms
⏱️ [hitch] main thread busy for 45ms
⏱️ [hitch] main thread busy for 57ms
⏱️ [hitch] main thread busy for 44ms
⏱️ [hitch] main thread busy for 41ms
⏱️ [hitch] main thread busy for 42ms
⏱️ [hitch] main thread busy for 48ms
⏱️ [hitch] main thread busy for 43ms
⏱️ [hitch] main thread busy for 43ms
⏱️ [hitch] main thread busy for 44ms
⏱️ [hitch] main thread busy for 52ms
⏱️ [hitch] main thread busy for 46ms
⏱️ [hitch] main thread busy for 49ms
⏱️ [hitch] main thread busy for 42ms
⏱️ [hitch] main thread busy for 42ms
⏱️ [hitch] main thread busy for 46ms
⏱️ [hitch] main thread busy for 48ms
⏱️ [hitch] main thread busy for 49ms
⏱️ [hitch] main thread busy for 43ms
⏱️ [hitch] main thread busy for 45ms
⏱️ [hitch] main thread busy for 47ms
⏱️ [hitch] main thread busy for 45ms
⏱️ [hitch] main thread busy for 50ms
⏱️ [hitch] main thread busy for 46ms
⏱️ [hitch] main thread busy for 47ms
⏱️ [hitch] main thread busy for 51ms
⏱️ [hitch] main thread busy for 45ms
⏱️ [hitch] main thread busy for 50ms
⏱️ [hitch] main thread busy for 48ms
⏱️ [hitch] main thread busy for 45ms
⏱️ [hitch] main thread busy for 40ms
⏱️ [hitch] main thread busy for 51ms
⏱️ [hitch] main thread busy for 45ms
⏱️ [hitch] main thread busy for 45ms
⏱️ [hitch] main thread busy for 47ms
