🎙️ Transcription: using Bailian Realtime ASR
🎯 Clicky: Starting...
🎯 Clicky: Version 1.0
🔑 Permissions — accessibility: true, screen: true, mic: true, screenContent: false
🔑 Clicky start — accessibility: true, screen: true, mic: true, screenContent: true, onboarded: true
💬 Clicky: restored 13 exchanges from session 「第一段文字第二段文字」
⏱️ [hitch] main thread busy for 51ms
⏱️ [hitch] main thread busy for 47ms
⏱️ [hitch] main thread busy for 43ms
⏱️ [hitch] main thread busy for 46ms
⏱️ [hitch] main thread busy for 42ms
⏱️ [hitch] main thread busy for 41ms
⏱️ [hitch] main thread busy for 49ms
⏱️ [hitch] main thread busy for 43ms
⏱️ [hitch] main thread busy for 46ms
⏱️ [hitch] main thread busy for 42ms
⏱️ [hitch] main thread busy for 43ms
⏱️ [hitch] main thread busy for 40ms
⏱️ [hitch] main thread busy for 42ms
⏱️ [hitch] main thread busy for 43ms
⏱️ [hitch] main thread busy for 40ms
⏱️ [hitch] main thread busy for 49ms
⏱️ [hitch] main thread busy for 50ms
⏱️ [hitch] main thread busy for 43ms
⏱️ [hitch] main thread busy for 46ms
⏱️ [hitch] main thread busy for 43ms
⏱️ [hitch] main thread busy for 42ms
⏱️ [hitch] main thread busy for 47ms
⏱️ [hitch] main thread busy for 48ms
⏱️ [hitch] main thread busy for 48ms
⏱️ [hitch] main thread busy for 44ms
⏱️ [hitch] main thread busy for 44ms
⏱️ [hitch] main thread busy for 42ms
⏱️ [hitch] main thread busy for 42ms
⏱️ [hitch] main thread busy for 43ms
⏱️ [hitch] main thread busy for 51ms
⏱️ [hitch] main thread busy for 40ms
⏱️ [hitch] main thread busy for 48ms
⏱️ [hitch] main thread busy for 42ms
⏱️ [hitch] main thread busy for 43ms
⏱️ [hitch] main thread busy for 75ms
⏱️ [hitch] main thread busy for 75ms
⏱️ [hitch] main thread busy for 49ms
⏱️ [hitch] main thread busy for 46ms
⏱️ [hitch] main thread busy for 43ms
