🎙️ Transcription: using Bailian Realtime ASR
🎯 Clicky: Starting...
🎯 Clicky: Version 1.0
🔑 Permissions — accessibility: true, screen: true, mic: true, screenContent: false
🔑 Clicky start — accessibility: true, screen: true, mic: true, screenContent: true, onboarded: true
💬 Clicky: restored 10 exchanges from session 「你看一下当前页面在搞什么事情。」
⏱️ [hitch] main thread busy for 52ms
⏱️ [hitch] main thread busy for 237ms
⏱️ [hitch] main thread busy for 68ms
🎙️ BuddyDictationManager: continuous listening requested
🎙️ VoicePlaybackEngine: the listening tap will go on the playback engine (one engine for capture and playback — the reference's rule, 坑 1)
⏱️ [hitch] main thread busy for 58ms
🔊 VoicePlaybackEngine: engine started (time-pitch node → mixer, echo cancellation ON (voice processing, ducking .min, AGC off), mixer 48000 Hz / input 48000 Hz 9 ch)
🎙️ BuddyDictationManager: listening tap installed on the shared TTS engine
🎙️ BuddyDictationManager: continuous listening started
🔊 VoicePlaybackEngine: engine started (time-pitch node → mixer, echo cancellation ON (voice processing, ducking .min, AGC off), mixer 48000 Hz / input 48000 Hz 9 ch)
🔥 语音聊天：音频引擎已预热
📷 [camera] 授权 13ms
📷 [camera] 选中设备「FaceTime高清相机」 type=AVCaptureDeviceTypeBuiltInWideAngleCamera
🔊 VoicePlaybackEngine: the audio configuration changed and the engine stopped itself (voice processing toggles do this on purpose) — it will be rebuilt before the next chunk
⏱️ [hitch] main thread busy for 353ms
🖥️ 语音聊天：屏幕预览流已开启（640×413 @ 2fps）
📷 [camera] startRunning 976ms（总 1320ms）
📷 语音聊天：摄像头已开启（FaceTime高清相机，比例 1.78）
💬 语音聊天：会话已开始（角色「默认角色」，模式 三段式）
🎙️ BuddyDictationManager: continuous listening ended
📷 语音聊天：摄像头已关闭
🖥️ 语音聊天：屏幕预览流已关闭
💬 语音聊天：会话已结束
⏱️ [hitch] main thread busy for 46ms
⏱️ [hitch] main thread busy for 46ms
⏱️ [hitch] main thread busy for 43ms
⏱️ [hitch] main thread busy for 43ms
⏱️ [hitch] main thread busy for 100ms
🔊 VoicePlaybackEngine: engine started (time-pitch node → mixer, echo cancellation ON (voice processing, ducking .min, AGC off), mixer 48000 Hz / input 48000 Hz 9 ch)
🔥 语音聊天：音频引擎已预热
