🎙️ Transcription: using Bailian Realtime ASR
🎯 Clicky: Starting...
🎯 Clicky: Version 1.0
🔑 Permissions — accessibility: true, screen: true, mic: true, screenContent: false
🔑 Clicky start — accessibility: true, screen: true, mic: true, screenContent: true, onboarded: true
💬 Clicky: restored 10 exchanges from session 「你看一下当前页面在搞什么事情。」
⏱️ [hitch] main thread busy for 46ms
⏱️ [hitch] main thread busy for 52ms
⏱️ [hitch] main thread busy for 42ms
⏱️ [hitch] main thread busy for 40ms
⏱️ [hitch] main thread busy for 53ms
⏱️ [hitch] main thread busy for 339ms
⏱️ [hitch] main thread busy for 44ms
⏱️ [hitch] main thread busy for 106ms
🔊 [aecprobe] t=1790253398.065 event=vpToggleBefore device="MacBook Pro麦克风" node=48000Hz/1ch vpEnabled=false agc=false
⏱️ [hitch] main thread busy for 177ms
⏱️ [hitch] main thread busy for 40ms
🔊 [aecprobe] t=1790253399.605 event=vpToggleAfter device="MacBook Pro麦克风" node=48000Hz/9ch vpEnabled=true agc=false
🔊 VoicePlaybackEngine: engine started (time-pitch node → mixer, echo cancellation requested, **实测 voiceProcessing=true AGC=false**, mixer 48000 Hz / input 48000 Hz 9 ch)
🔊 [aecprobe] t=1790253399.839 event=bringUp isRunning=true device="MacBook Pro麦克风" node=48000Hz/9ch vpEnabled=true agc=false
🔥 语音聊天：音频引擎已预热
⏱️ [hitch] main thread busy for 370ms
⏱️ [hitch] main thread busy for 42ms
⏱️ [hitch] main thread busy for 42ms
⏱️ [hitch] main thread busy for 42ms
🔥 语音聊天：音频引擎已预热
⏱️ [hitch] main thread busy for 109ms
⏱️ [hitch] main thread busy for 363ms
🔥 语音聊天：音频引擎已预热
⏱️ [hitch] main thread busy for 100ms
🖥️ 语音聊天：屏幕预览流已开启（640×413 @ 2fps）
🖥️ 语音聊天：屏幕预览流已关闭
⏱️ [hitch] main thread busy for 41ms
⏱️ [hitch] main thread busy for 46ms
⏱️ [hitch] main thread busy for 362ms
⏱️ [hitch] main thread busy for 42ms
⏱️ [hitch] main thread busy for 42ms
🔥 语音聊天：音频引擎已预热
⏱️ [hitch] main thread busy for 130ms
⏱️ [hitch] main thread busy for 349ms
⏱️ [hitch] main thread busy for 50ms
🔥 语音聊天：音频引擎已预热
⏱️ [hitch] main thread busy for 98ms
🔥 语音聊天：音频引擎已预热
⏱️ [hitch] main thread busy for 77ms
