🎙️ Transcription: using Bailian Realtime ASR
🎯 Clicky: Starting...
🎯 Clicky: Version 1.0
🔑 Permissions — accessibility: true, screen: true, mic: true, screenContent: false
🔑 Clicky start — accessibility: true, screen: true, mic: true, screenContent: true, onboarded: true
💬 Clicky: restored 10 exchanges from session 「你看一下当前页面在搞什么事情。」
⏱️ [hitch] main thread busy for 44ms
⏱️ [hitch] main thread busy for 237ms
⏱️ [hitch] main thread busy for 107ms
🔊 [aecprobe] t=1790265401.675 event=vpToggleBefore device="MacBook Pro麦克风" node=48000Hz/1ch vpEnabled=false agc=false
🔊 [aecprobe] t=1790265403.192 event=vpToggleAfter device="MacBook Pro麦克风" node=48000Hz/9ch vpEnabled=true agc=false
🔊 VoicePlaybackEngine: engine started (time-pitch node → mixer, echo cancellation requested, **实测 voiceProcessing=true AGC=false**, mixer 48000 Hz / input 48000 Hz 9 ch)
🔊 [aecprobe] t=1790265403.439 event=bringUp isRunning=true device="MacBook Pro麦克风" node=48000Hz/9ch vpEnabled=true agc=false
🔥 语音聊天：音频引擎已预热
⏱️ [hitch] main thread busy for 53ms
🔥 语音聊天：音频引擎已预热
⏱️ [hitch] main thread busy for 214ms
⏱️ [hitch] main thread busy for 219ms
⏱️ [hitch] main thread busy for 182ms
⏱️ [hitch] main thread busy for 92ms
⏱️ [hitch] main thread busy for 188ms
⏱️ [hitch] main thread busy for 69ms
⏱️ [hitch] main thread busy for 76ms
⏱️ [hitch] main thread busy for 56ms
⏱️ [hitch] main thread busy for 123ms
⏱️ [hitch] main thread busy for 43ms
⏱️ [hitch] main thread busy for 75ms
⏱️ [hitch] main thread busy for 103ms
⏱️ [hitch] main thread busy for 99ms
⏱️ [hitch] main thread busy for 65ms
⏱️ [hitch] main thread busy for 73ms
⏱️ [hitch] main thread busy for 115ms
⏱️ [hitch] main thread busy for 85ms
⏱️ [hitch] main thread busy for 69ms
⏱️ [hitch] main thread busy for 63ms
⏱️ [hitch] main thread busy for 179ms
⏱️ [hitch] main thread busy for 73ms
⏱️ [hitch] main thread busy for 52ms
⏱️ [hitch] main thread busy for 178ms
⏱️ [hitch] main thread busy for 74ms
🔥 语音聊天：音频引擎已预热
⏱️ [hitch] main thread busy for 130ms
⏱️ [hitch] main thread busy for 152ms
⏱️ [hitch] main thread busy for 46ms
⏱️ [hitch] main thread busy for 81ms
⏱️ [hitch] main thread busy for 43ms
⏱️ [hitch] main thread busy for 43ms
⏱️ [hitch] main thread busy for 42ms
⏱️ [hitch] main thread busy for 41ms
⏱️ [hitch] main thread busy for 41ms
⏱️ [hitch] main thread busy for 53ms
⏱️ [hitch] main thread busy for 44ms
⏱️ [hitch] main thread busy for 42ms
⏱️ [hitch] main thread busy for 41ms
⏱️ [hitch] main thread busy for 45ms
⏱️ [hitch] main thread busy for 41ms
⏱️ [hitch] main thread busy for 47ms
⏱️ [hitch] main thread busy for 48ms
⏱️ [hitch] main thread busy for 42ms
🔥 语音聊天：音频引擎已预热
⏱️ [hitch] main thread busy for 83ms
⏱️ [hitch] main thread busy for 42ms
⏱️ [hitch] main thread busy for 105ms
⏱️ [hitch] main thread busy for 47ms
⏱️ [hitch] main thread busy for 51ms
⏱️ [hitch] main thread busy for 43ms
🔥 语音聊天：音频引擎已预热
⏱️ [hitch] main thread busy for 81ms
⏱️ [hitch] main thread busy for 43ms
⏱️ [hitch] main thread busy for 40ms
⏱️ [hitch] main thread busy for 74ms
⏱️ [hitch] main thread busy for 180ms
🔥 语音聊天：音频引擎已预热
⏱️ [hitch] main thread busy for 75ms
⏱️ [hitch] main thread busy for 173ms
⏱️ [hitch] main thread busy for 41ms
⏱️ [hitch] main thread busy for 70ms
⏱️ [hitch] main thread busy for 168ms
⏱️ [hitch] main thread busy for 73ms
🔥 语音聊天：音频引擎已预热
⏱️ [hitch] main thread busy for 84ms
⏱️ [hitch] main thread busy for 56ms
⏱️ [hitch] main thread busy for 159ms
⏱️ [hitch] main thread busy for 70ms
⏱️ [hitch] main thread busy for 53ms
⏱️ [hitch] main thread busy for 42ms
⏱️ [hitch] main thread busy for 41ms
⏱️ [hitch] main thread busy for 42ms
⏱️ [hitch] main thread busy for 45ms
⏱️ [hitch] main thread busy for 41ms
⏱️ [hitch] main thread busy for 43ms
⏱️ [hitch] main thread busy for 43ms
⏱️ [hitch] main thread busy for 46ms
⏱️ [hitch] main thread busy for 44ms
⏱️ [hitch] main thread busy for 53ms
⏱️ [hitch] main thread busy for 45ms
⏱️ [hitch] main thread busy for 42ms
⏱️ [hitch] main thread busy for 42ms
⏱️ [hitch] main thread busy for 43ms
⏱️ [hitch] main thread busy for 41ms
⏱️ [hitch] main thread busy for 41ms
⏱️ [hitch] main thread busy for 42ms
⏱️ [hitch] main thread busy for 43ms
⏱️ [hitch] main thread busy for 44ms
⏱️ [hitch] main thread busy for 44ms
⏱️ [hitch] main thread busy for 48ms
⏱️ [hitch] main thread busy for 45ms
⏱️ [hitch] main thread busy for 42ms
⏱️ [hitch] main thread busy for 50ms
⏱️ [hitch] main thread busy for 51ms
⏱️ [hitch] main thread busy for 48ms
⏱️ [hitch] main thread busy for 42ms
