🎙️ Transcription: using Bailian Realtime ASR
🎯 Clicky: Starting...
🎯 Clicky: Version 1.0
🔑 Permissions — accessibility: true, screen: true, mic: true, screenContent: false
🔑 Clicky start — accessibility: true, screen: true, mic: true, screenContent: true, onboarded: true
💬 Clicky: restored 15 exchanges from session 「你好」
⏱️ [hitch] main thread busy for 47ms
⏱️ [hitch] main thread busy for 59ms
⏱️ [hitch] main thread busy for 43ms
🔎 [blocks] 正文 33 字 / 行为 1 / 段落数 1 / 各段字数 [33]
🔎 [blocks] 正文 40 字 / 行为 2 / 段落数 1 / 各段字数 [41]
🔎 [blocks] 正文 33 字 / 行为 1 / 段落数 1 / 各段字数 [33]
🔎 [blocks] 正文 37 字 / 行为 2 / 段落数 1 / 各段字数 [38]
🔎 [blocks] 正文 113 字 / 行为 4 / 段落数 1 / 各段字数 [116]
🔎 [blocks] 正文 227 字 / 行为 7 / 段落数 1 / 各段字数 [233]
🔎 [blocks] 正文 222 字 / 行为 7 / 段落数 1 / 各段字数 [228]
🔎 [blocks] 正文 222 字 / 行为 7 / 段落数 1 / 各段字数 [228]
🔎 [blocks] 正文 222 字 / 行为 7 / 段落数 1 / 各段字数 [228]
🔎 [blocks] 正文 222 字 / 行为 7 / 段落数 1 / 各段字数 [228]
🔎 [blocks] 正文 32 字 / 行为 1 / 段落数 1 / 各段字数 [32]
🔎 [blocks] 正文 34 字 / 行为 2 / 段落数 1 / 各段字数 [35]
🔎 [blocks] 正文 45 字 / 行为 2 / 段落数 1 / 各段字数 [46]
🔎 [blocks] 正文 62 字 / 行为 2 / 段落数 1 / 各段字数 [63]
🔎 [blocks] 正文 260 字 / 行为 8 / 段落数 1 / 各段字数 [267]
⏱️ [hitch] main thread busy for 494ms
⏱️ [hitch] main thread busy for 65ms
🔎 [blocks] 正文 33 字 / 行为 1 / 段落数 1 / 各段字数 [33]
🔎 [blocks] 正文 40 字 / 行为 2 / 段落数 1 / 各段字数 [41]
🔎 [blocks] 正文 33 字 / 行为 1 / 段落数 1 / 各段字数 [33]
🔎 [blocks] 正文 37 字 / 行为 2 / 段落数 1 / 各段字数 [38]
🔎 [blocks] 正文 113 字 / 行为 4 / 段落数 1 / 各段字数 [116]
🔎 [blocks] 正文 227 字 / 行为 7 / 段落数 1 / 各段字数 [233]
🔎 [blocks] 正文 222 字 / 行为 7 / 段落数 1 / 各段字数 [228]
🔎 [blocks] 正文 222 字 / 行为 7 / 段落数 1 / 各段字数 [228]
🔎 [blocks] 正文 222 字 / 行为 7 / 段落数 1 / 各段字数 [228]
🔎 [blocks] 正文 222 字 / 行为 7 / 段落数 1 / 各段字数 [228]
🔎 [blocks] 正文 32 字 / 行为 1 / 段落数 1 / 各段字数 [32]
🔎 [blocks] 正文 34 字 / 行为 2 / 段落数 1 / 各段字数 [35]
🔎 [blocks] 正文 45 字 / 行为 2 / 段落数 1 / 各段字数 [46]
🔎 [blocks] 正文 62 字 / 行为 2 / 段落数 1 / 各段字数 [63]
🔎 [blocks] 正文 260 字 / 行为 8 / 段落数 1 / 各段字数 [267]
⏱️ [hitch] main thread busy for 420ms
⏱️ [hitch] main thread busy for 170ms
