🎙️ Transcription: using Bailian Realtime ASR
🎯 Clicky: Starting...
🎯 Clicky: Version 1.0
🔑 Permissions — accessibility: true, screen: true, mic: true, screenContent: false
🔑 Clicky start — accessibility: true, screen: true, mic: true, screenContent: true, onboarded: true
💬 Clicky: restored 10 exchanges from session 「你看一下当前页面在搞什么事情。」
⏱️ [hitch] main thread busy for 46ms
⏱️ [hitch] main thread busy for 41ms
⏱️ [hitch] main thread busy for 41ms
⏱️ [hitch] main thread busy for 340ms
⏱️ [hitch] main thread busy for 49ms
⏱️ [hitch] main thread busy for 114ms
🔊 [aecprobe] t=1790253883.070 event=vpToggleBefore device="MacBook Pro麦克风" node=48000Hz/1ch vpEnabled=false agc=false
⏱️ [hitch] main thread busy for 90ms
🔊 [aecprobe] t=1790253884.609 event=vpToggleAfter device="MacBook Pro麦克风" node=48000Hz/9ch vpEnabled=true agc=false
🔊 VoicePlaybackEngine: engine started (time-pitch node → mixer, echo cancellation requested, **实测 voiceProcessing=true AGC=false**, mixer 48000 Hz / input 48000 Hz 9 ch)
🔊 [aecprobe] t=1790253884.843 event=bringUp isRunning=true device="MacBook Pro麦克风" node=48000Hz/9ch vpEnabled=true agc=false
🔥 语音聊天：音频引擎已预热
⏱️ [hitch] main thread busy for 56ms
⏱️ [hitch] main thread busy for 48ms
⏱️ [hitch] main thread busy for 47ms
⏱️ [hitch] main thread busy for 49ms
⏱️ [hitch] main thread busy for 48ms
⏱️ [hitch] main thread busy for 40ms
⏱️ [hitch] main thread busy for 42ms
⏱️ [hitch] main thread busy for 40ms
⏱️ [hitch] main thread busy for 41ms
⏱️ [hitch] main thread busy for 48ms
⏱️ [hitch] main thread busy for 45ms
⏱️ [hitch] main thread busy for 41ms
🔥 语音聊天：音频引擎已预热
⏱️ [hitch] main thread busy for 114ms
⏱️ [hitch] main thread busy for 44ms
⏱️ [hitch] main thread busy for 45ms
⏱️ [hitch] main thread busy for 45ms
⏱️ [hitch] main thread busy for 41ms
⏱️ [hitch] main thread busy for 72ms
⏱️ [hitch] main thread busy for 42ms
⏱️ [hitch] main thread busy for 44ms
⏱️ [hitch] main thread busy for 42ms
⏱️ [hitch] main thread busy for 40ms
⏱️ [hitch] main thread busy for 47ms
⏱️ [hitch] main thread busy for 50ms
⏱️ [hitch] main thread busy for 55ms
⏱️ [hitch] main thread busy for 43ms
⏱️ [hitch] main thread busy for 47ms
⏱️ [hitch] main thread busy for 40ms
⏱️ [hitch] main thread busy for 40ms
⏱️ [hitch] main thread busy for 57ms
⏱️ [hitch] main thread busy for 53ms
⏱️ [hitch] main thread busy for 41ms
⏱️ [hitch] main thread busy for 48ms
⏱️ [hitch] main thread busy for 53ms
⏱️ [hitch] main thread busy for 45ms
⏱️ [hitch] main thread busy for 53ms
⏱️ [hitch] main thread busy for 49ms
⏱️ [hitch] main thread busy for 51ms
⏱️ [hitch] main thread busy for 41ms
🔥 语音聊天：音频引擎已预热
⏱️ [hitch] main thread busy for 101ms
⏱️ [hitch] main thread busy for 71ms
⏱️ [hitch] main thread busy for 70ms
⏱️ [hitch] main thread busy for 42ms
⏱️ [hitch] main thread busy for 48ms
⏱️ [hitch] main thread busy for 42ms
⏱️ [hitch] main thread busy for 47ms
🔥 语音聊天：音频引擎已预热
⏱️ [hitch] main thread busy for 158ms
⏱️ [hitch] main thread busy for 73ms
⏱️ [hitch] main thread busy for 41ms
⏱️ [hitch] main thread busy for 43ms
⏱️ [hitch] main thread busy for 48ms
⏱️ [hitch] main thread busy for 53ms
⏱️ [hitch] main thread busy for 46ms
⏱️ [hitch] main thread busy for 45ms
⏱️ [hitch] main thread busy for 48ms
⏱️ [hitch] main thread busy for 41ms
⏱️ [hitch] main thread busy for 40ms
⏱️ [hitch] main thread busy for 62ms
⏱️ [hitch] main thread busy for 41ms
⏱️ [hitch] main thread busy for 45ms
⏱️ [hitch] main thread busy for 46ms
⏱️ [hitch] main thread busy for 40ms
⏱️ [hitch] main thread busy for 46ms
⏱️ [hitch] main thread busy for 43ms
⏱️ [hitch] main thread busy for 51ms
⏱️ [hitch] main thread busy for 55ms
⏱️ [hitch] main thread busy for 55ms
⏱️ [hitch] main thread busy for 47ms
⏱️ [hitch] main thread busy for 44ms
⏱️ [hitch] main thread busy for 52ms
⏱️ [hitch] main thread busy for 54ms
⏱️ [hitch] main thread busy for 48ms
⏱️ [hitch] main thread busy for 43ms
⏱️ [hitch] main thread busy for 41ms
⏱️ [hitch] main thread busy for 45ms
⏱️ [hitch] main thread busy for 50ms
⏱️ [hitch] main thread busy for 44ms
⏱️ [hitch] main thread busy for 41ms
⏱️ [hitch] main thread busy for 46ms
⏱️ [hitch] main thread busy for 52ms
⏱️ [hitch] main thread busy for 45ms
⏱️ [hitch] main thread busy for 43ms
⏱️ [hitch] main thread busy for 52ms
⏱️ [hitch] main thread busy for 49ms
⏱️ [hitch] main thread busy for 41ms
⏱️ [hitch] main thread busy for 44ms
⏱️ [hitch] main thread busy for 44ms
⏱️ [hitch] main thread busy for 46ms
⏱️ [hitch] main thread busy for 41ms
⏱️ [hitch] main thread busy for 44ms
⏱️ [hitch] main thread busy for 47ms
⏱️ [hitch] main thread busy for 41ms
🔊 CompanionManager: 3 分钟没有活动，释放音频引擎
🔊 VoicePlaybackEngine: engine released — voice processing off, nothing else is ducked
⏱️ [hitch] main thread busy for 378ms
⏱️ [hitch] main thread busy for 212ms
⏱️ [hitch] main thread busy for 49ms
⏱️ [hitch] main thread busy for 44ms
⏱️ [hitch] main thread busy for 51ms
⏱️ [hitch] main thread busy for 55ms
⏱️ [hitch] main thread busy for 44ms
⏱️ [hitch] main thread busy for 50ms
⏱️ [hitch] main thread busy for 49ms
⏱️ [hitch] main thread busy for 56ms
⏱️ [hitch] main thread busy for 42ms
⏱️ [hitch] main thread busy for 41ms
⏱️ [hitch] main thread busy for 44ms
⏱️ [hitch] main thread busy for 43ms
🔊 [aecprobe] t=1790254371.418 event=vpToggleBefore device="MacBook Pro麦克风" node=48000Hz/3ch vpEnabled=false agc=false
⏱️ [hitch] main thread busy for 111ms
⏱️ [hitch] main thread busy for 70ms
🔊 [aecprobe] t=1790254372.909 event=vpToggleAfter device="MacBook Pro麦克风" node=48000Hz/9ch vpEnabled=true agc=false
🔊 VoicePlaybackEngine: engine started (time-pitch node → mixer, echo cancellation requested, **实测 voiceProcessing=true AGC=false**, mixer 48000 Hz / input 48000 Hz 9 ch)
🔊 [aecprobe] t=1790254373.170 event=bringUp isRunning=true device="MacBook Pro麦克风" node=48000Hz/9ch vpEnabled=true agc=false
🔥 语音聊天：音频引擎已预热
⏱️ [hitch] main thread busy for 43ms
⏱️ [hitch] main thread busy for 82ms
⏱️ [hitch] main thread busy for 52ms
⏱️ [hitch] main thread busy for 45ms
⏱️ [hitch] main thread busy for 44ms
⏱️ [hitch] main thread busy for 44ms
⏱️ [hitch] main thread busy for 45ms
⏱️ [hitch] main thread busy for 49ms
⏱️ [hitch] main thread busy for 42ms
⏱️ [hitch] main thread busy for 52ms
⏱️ [hitch] main thread busy for 41ms
⏱️ [hitch] main thread busy for 44ms
⏱️ [hitch] main thread busy for 43ms
⏱️ [hitch] main thread busy for 41ms
⏱️ [hitch] main thread busy for 42ms
⏱️ [hitch] main thread busy for 57ms
⏱️ [hitch] main thread busy for 44ms
🎙️ BuddyDictationManager: start requested (keyboardShortcut)
🎙️ BuddyDictationManager: opening transcription provider Bailian Realtime ASR
🎙️ BuddyDictationManager: provider ready, starting audio engine
🎙️ BuddyDictationManager: recognition session started
🔇 SystemSpeakerMuteCoordinator: system speakers MUTED for recording (was unmuted before)
🔇 [aecprobe] t=1790254429.031 event=speakersMuted
