🎙️ Transcription: using Bailian Realtime ASR
🎯 Clicky: Starting...
🎯 Clicky: Version 1.0
🔑 Permissions — accessibility: true, screen: true, mic: true, screenContent: false
🔑 Clicky start — accessibility: true, screen: true, mic: true, screenContent: true, onboarded: true
💬 Clicky: restored 10 exchanges from session 「你看一下当前页面在搞什么事情。」
⏱️ [hitch] main thread busy for 48ms
⏱️ [hitch] main thread busy for 248ms
⏱️ [hitch] main thread busy for 44ms
⏱️ [hitch] main thread busy for 217ms
⏱️ [hitch] main thread busy for 59ms
⏱️ [hitch] main thread busy for 40ms
⏱️ [hitch] main thread busy for 249ms
⏱️ [hitch] main thread busy for 223ms
⏱️ [hitch] main thread busy for 175ms
🔊 [aecprobe] t=1790236821.993 event=vpToggleBefore device="MacBook Pro麦克风" node=48000Hz/1ch vpEnabled=false agc=false
⏱️ [hitch] main thread busy for 46ms
🔊 [aecprobe] t=1790236823.525 event=vpToggleAfter device="MacBook Pro麦克风" node=48000Hz/9ch vpEnabled=true agc=false
🔊 VoicePlaybackEngine: engine started (time-pitch node → mixer, echo cancellation requested, **实测 voiceProcessing=true AGC=false**, mixer 48000 Hz / input 48000 Hz 9 ch)
🔊 [aecprobe] t=1790236823.768 event=bringUp isRunning=true device="MacBook Pro麦克风" node=48000Hz/9ch vpEnabled=true agc=false
⏱️ [hitch] main thread busy for 41ms
⏱️ [hitch] main thread busy for 59ms
⏱️ [hitch] main thread busy for 82ms
⏱️ [hitch] main thread busy for 106ms
⏱️ [hitch] main thread busy for 81ms
⏱️ [hitch] main thread busy for 167ms
