🎙️ Transcription: using Bailian Realtime ASR
🎯 Clicky: Starting...
🎯 Clicky: Version 1.0
🔑 Permissions — accessibility: true, screen: true, mic: true, screenContent: false
🔑 Clicky start — accessibility: true, screen: true, mic: true, screenContent: true, onboarded: true
💬 Clicky: restored 10 exchanges from session 「200 个字说一下关于北京的新闻」
⏱️ [hitch] main thread busy for 319ms
⏱️ [hitch] main thread busy for 57ms
⏱️ [hitch] main thread busy for 245ms
⏱️ [hitch] main thread busy for 99ms
⏱️ [hitch] main thread busy for 45ms
⏱️ [hitch] main thread busy for 42ms
⏱️ [hitch] main thread busy for 327ms
⏱️ [hitch] main thread busy for 167ms
⏱️ [hitch] main thread busy for 116ms
⏱️ [hitch] main thread busy for 58ms
⏱️ [hitch] main thread busy for 82ms
⏱️ [hitch] main thread busy for 166ms
⏱️ [hitch] main thread busy for 120ms
🔊 [aecprobe] t=1790325151.360 event=vpToggleBefore device="MacBook Pro麦克风" node=48000Hz/1ch vpEnabled=false agc=false
⏱️ [hitch] main thread busy for 133ms
⏱️ [hitch] main thread busy for 56ms
⏱️ [hitch] main thread busy for 66ms
🔊 [aecprobe] t=1790325153.077 event=vpToggleAfter device="MacBook Pro麦克风" node=48000Hz/9ch vpEnabled=true agc=false
🔊 VoicePlaybackEngine: engine started (time-pitch node → mixer, echo cancellation requested, **实测 voiceProcessing=true AGC=false**, mixer 48000 Hz / input 48000 Hz 9 ch)
🔊 [aecprobe] t=1790325153.159 event=bringUp isRunning=true device="MacBook Pro麦克风" node=48000Hz/9ch vpEnabled=true agc=false
🔥 语音聊天：音频引擎已预热
🔊 VoicePlaybackEngine: engine started (time-pitch node → mixer, echo cancellation requested, **实测 voiceProcessing=true AGC=false**, mixer 48000 Hz / input 48000 Hz 9 ch)
🔊 [aecprobe] t=1790325153.159 event=bringUp isRunning=true device="MacBook Pro麦克风" node=48000Hz/9ch vpEnabled=true agc=false
🔥 语音聊天：音频引擎已预热
⏱️ [hitch] main thread busy for 84ms
🔥 语音聊天：音频引擎已预热
⏱️ [hitch] main thread busy for 70ms
⏱️ [hitch] main thread busy for 46ms
🔥 语音聊天：音频引擎已预热
⏱️ [hitch] main thread busy for 103ms
⏱️ [hitch] main thread busy for 100ms
⏱️ [hitch] main thread busy for 195ms
⏱️ [hitch] main thread busy for 197ms
⏱️ [hitch] main thread busy for 75ms
⏱️ [hitch] main thread busy for 246ms
⏱️ [hitch] main thread busy for 54ms
🔥 语音聊天：音频引擎已预热
⏱️ [hitch] main thread busy for 88ms
🔥 语音聊天：音频引擎已预热
⏱️ [hitch] main thread busy for 113ms
⏱️ [hitch] main thread busy for 111ms
🔥 语音聊天：音频引擎已预热
⏱️ [hitch] main thread busy for 107ms
⏱️ [hitch] main thread busy for 63ms
⏱️ [hitch] main thread busy for 90ms
⏱️ [hitch] main thread busy for 83ms
⏱️ [hitch] main thread busy for 126ms
⏱️ [hitch] main thread busy for 122ms
⏱️ [hitch] main thread busy for 57ms
⏱️ [hitch] main thread busy for 65ms
⏱️ [hitch] main thread busy for 90ms
⏱️ [hitch] main thread busy for 104ms
⏱️ [hitch] main thread busy for 193ms
🔥 语音聊天：音频引擎已预热
⏱️ [hitch] main thread busy for 81ms
🔥 语音聊天：音频引擎已预热
⏱️ [hitch] main thread busy for 143ms
⏱️ [hitch] main thread busy for 106ms
⏱️ [hitch] main thread busy for 47ms
⏱️ [hitch] main thread busy for 211ms
⏱️ [hitch] main thread busy for 237ms
⏱️ [hitch] main thread busy for 41ms
⏱️ [hitch] main thread busy for 268ms
⏱️ [hitch] main thread busy for 66ms
⏱️ [hitch] main thread busy for 199ms
⏱️ [hitch] main thread busy for 90ms
⏱️ [hitch] main thread busy for 106ms
⏱️ [hitch] main thread busy for 134ms
⏱️ [hitch] main thread busy for 175ms
⏱️ [hitch] main thread busy for 65ms
⏱️ [hitch] main thread busy for 125ms
⏱️ [hitch] main thread busy for 202ms
⏱️ [hitch] main thread busy for 221ms
⏱️ [hitch] main thread busy for 41ms
⏱️ [hitch] main thread busy for 41ms
⏱️ [hitch] main thread busy for 58ms
⏱️ [hitch] main thread busy for 53ms
⏱️ [hitch] main thread busy for 57ms
⏱️ [hitch] main thread busy for 295ms
⏱️ [hitch] main thread busy for 40ms
⏱️ [hitch] main thread busy for 65ms
⏱️ [hitch] main thread busy for 47ms
⏱️ [hitch] main thread busy for 247ms
⏱️ [hitch] main thread busy for 41ms
⏱️ [hitch] main thread busy for 231ms
⏱️ [hitch] main thread busy for 48ms
⏱️ [hitch] main thread busy for 270ms
⏱️ [hitch] main thread busy for 286ms
⏱️ [hitch] main thread busy for 43ms
⏱️ [hitch] main thread busy for 215ms
⏱️ [hitch] main thread busy for 100ms
⏱️ [hitch] main thread busy for 207ms
⏱️ [hitch] main thread busy for 48ms
⏱️ [hitch] main thread busy for 43ms
⏱️ [hitch] main thread busy for 274ms
⏱️ [hitch] main thread busy for 257ms
⏱️ [hitch] main thread busy for 108ms
⏱️ [hitch] main thread busy for 283ms
⏱️ [hitch] main thread busy for 242ms
⏱️ [hitch] main thread busy for 41ms
⏱️ [hitch] main thread busy for 107ms
🔥 语音聊天：音频引擎已预热
⏱️ [hitch] main thread busy for 81ms
🔥 语音聊天：音频引擎已预热
⏱️ [hitch] main thread busy for 128ms
⏱️ [hitch] main thread busy for 177ms
⏱️ [hitch] main thread busy for 75ms
🔥 语音聊天：音频引擎已预热
⏱️ [hitch] main thread busy for 50ms
⏱️ [hitch] main thread busy for 58ms
🔥 语音聊天：音频引擎已预热
⏱️ [hitch] main thread busy for 58ms
⏱️ [hitch] main thread busy for 90ms
⏱️ [hitch] main thread busy for 66ms
⏱️ [hitch] main thread busy for 41ms
⏱️ [hitch] main thread busy for 59ms
⏱️ [hitch] main thread busy for 100ms
🔥 语音聊天：音频引擎已预热
⏱️ [hitch] main thread busy for 102ms
⏱️ [hitch] main thread busy for 55ms
🔥 语音聊天：音频引擎已预热
⏱️ [hitch] main thread busy for 54ms
⏱️ [hitch] main thread busy for 194ms
⏱️ [hitch] main thread busy for 291ms
⏱️ [hitch] main thread busy for 221ms
⏱️ [hitch] main thread busy for 40ms
⏱️ [hitch] main thread busy for 49ms
⏱️ [hitch] main thread busy for 295ms
🔥 语音聊天：音频引擎已预热
⏱️ [hitch] main thread busy for 97ms
🔥 语音聊天：音频引擎已预热
⏱️ [hitch] main thread busy for 107ms
⏱️ [hitch] main thread busy for 112ms
⏱️ [hitch] main thread busy for 40ms
⏱️ [hitch] main thread busy for 48ms
⏱️ [hitch] main thread busy for 68ms
⏱️ [hitch] main thread busy for 42ms
⏱️ [hitch] main thread busy for 43ms
⏱️ [hitch] main thread busy for 44ms
⏱️ [hitch] main thread busy for 46ms
⏱️ [hitch] main thread busy for 42ms
⏱️ [hitch] main thread busy for 44ms
⏱️ [hitch] main thread busy for 50ms
⏱️ [hitch] main thread busy for 40ms
⏱️ [hitch] main thread busy for 40ms
⏱️ [hitch] main thread busy for 43ms
⏱️ [hitch] main thread busy for 43ms
⏱️ [hitch] main thread busy for 42ms
⏱️ [hitch] main thread busy for 40ms
⏱️ [hitch] main thread busy for 49ms
⏱️ [hitch] main thread busy for 44ms
⏱️ [hitch] main thread busy for 43ms
⏱️ [hitch] main thread busy for 41ms
⏱️ [hitch] main thread busy for 45ms
⏱️ [hitch] main thread busy for 46ms
⏱️ [hitch] main thread busy for 58ms
⏱️ [hitch] main thread busy for 52ms
⏱️ [hitch] main thread busy for 43ms
⏱️ [hitch] main thread busy for 41ms
⏱️ [hitch] main thread busy for 47ms
⏱️ [hitch] main thread busy for 49ms
⏱️ [hitch] main thread busy for 43ms
⏱️ [hitch] main thread busy for 47ms
⏱️ [hitch] main thread busy for 63ms
⏱️ [hitch] main thread busy for 45ms
⏱️ [hitch] main thread busy for 46ms
⏱️ [hitch] main thread busy for 41ms
⏱️ [hitch] main thread busy for 41ms
⏱️ [hitch] main thread busy for 62ms
⏱️ [hitch] main thread busy for 56ms
⏱️ [hitch] main thread busy for 48ms
⏱️ [hitch] main thread busy for 48ms
🔊 CompanionManager: 3 分钟没有活动，释放音频引擎
🔊 VoicePlaybackEngine: engine released — voice processing off, nothing else is ducked
⏱️ [hitch] main thread busy for 392ms
⏱️ [hitch] main thread busy for 355ms
⏱️ [hitch] main thread busy for 43ms
⏱️ [hitch] main thread busy for 48ms
⏱️ [hitch] main thread busy for 53ms
⏱️ [hitch] main thread busy for 41ms
⏱️ [hitch] main thread busy for 45ms
⏱️ [hitch] main thread busy for 48ms
⏱️ [hitch] main thread busy for 49ms
⏱️ [hitch] main thread busy for 42ms
