🎙️ Transcription: using Bailian Realtime ASR
🎯 Clicky: Starting...
🎯 Clicky: Version 1.0
🔑 Permissions — accessibility: true, screen: true, mic: true, screenContent: false
🔑 Clicky start — accessibility: true, screen: true, mic: true, screenContent: true, onboarded: true
💬 Clicky: restored 10 exchanges from session 「你看一下当前页面在搞什么事情。」
⏱️ [hitch] main thread busy for 41ms
⏱️ [hitch] main thread busy for 54ms
⏱️ [hitch] main thread busy for 42ms
⏱️ [hitch] main thread busy for 45ms
⏱️ [hitch] main thread busy for 480ms
⏱️ [hitch] main thread busy for 45ms
🔎 [composer] mouseDown 到达；window=true isKeyWindow=true 点击前 firstResponder=ComposerNSTextView makeFirstResponder 返回=Optional(true) 之后 firstResponder=ComposerNSTextView
⏱️ [hitch] main thread busy for 42ms
🔎 [composer] updateNSView isFocused=false isEditing=true window=true isKeyWindow=true
🔎 [composer] textDidEndEditing（parent.isFocused=false）
🔎 [composer] 异步 makeFirstResponder(nil) 返回=Optional(true)
⏱️ [hitch] main thread busy for 41ms
⏱️ [hitch] main thread busy for 49ms
⏱️ [hitch] main thread busy for 44ms
